Archive member included to satisfy reference by file (symbol)

d:/programs/gnu tools arm embedded/5. 4 2016q2/bin/../lib/gcc/arm-none-eabi/5.4.1/../../../../arm-none-eabi/lib/armv7e-m/fpu\libg.a(lib_a-exit.o)
                              d:/programs/gnu tools arm embedded/5. 4 2016q2/bin/../lib/gcc/arm-none-eabi/5.4.1/../../../../arm-none-eabi/lib/armv7e-m/fpu/crt0.o (exit)
d:/programs/gnu tools arm embedded/5. 4 2016q2/bin/../lib/gcc/arm-none-eabi/5.4.1/../../../../arm-none-eabi/lib/armv7e-m/fpu\libg.a(lib_a-impure.o)
                              d:/programs/gnu tools arm embedded/5. 4 2016q2/bin/../lib/gcc/arm-none-eabi/5.4.1/../../../../arm-none-eabi/lib/armv7e-m/fpu\libg.a(lib_a-exit.o) (_global_impure_ptr)
d:/programs/gnu tools arm embedded/5. 4 2016q2/bin/../lib/gcc/arm-none-eabi/5.4.1/../../../../arm-none-eabi/lib/armv7e-m/fpu\libg.a(lib_a-init.o)
                              d:/programs/gnu tools arm embedded/5. 4 2016q2/bin/../lib/gcc/arm-none-eabi/5.4.1/../../../../arm-none-eabi/lib/armv7e-m/fpu/crt0.o (__libc_init_array)
d:/programs/gnu tools arm embedded/5. 4 2016q2/bin/../lib/gcc/arm-none-eabi/5.4.1/../../../../arm-none-eabi/lib/armv7e-m/fpu\libg.a(lib_a-memcpy.o)
                              ..\obj\queue.o (memcpy)
d:/programs/gnu tools arm embedded/5. 4 2016q2/bin/../lib/gcc/arm-none-eabi/5.4.1/../../../../arm-none-eabi/lib/armv7e-m/fpu\libg.a(lib_a-memset.o)
                              d:/programs/gnu tools arm embedded/5. 4 2016q2/bin/../lib/gcc/arm-none-eabi/5.4.1/../../../../arm-none-eabi/lib/armv7e-m/fpu/crt0.o (memset)
d:/programs/gnu tools arm embedded/5. 4 2016q2/bin/../lib/gcc/arm-none-eabi/5.4.1/../../../../arm-none-eabi/lib/armv7e-m/fpu\libg.a(lib_a-__call_atexit.o)
                              d:/programs/gnu tools arm embedded/5. 4 2016q2/bin/../lib/gcc/arm-none-eabi/5.4.1/../../../../arm-none-eabi/lib/armv7e-m/fpu\libg.a(lib_a-exit.o) (__call_exitprocs)
d:/programs/gnu tools arm embedded/5. 4 2016q2/bin/../lib/gcc/arm-none-eabi/5.4.1/../../../../arm-none-eabi/lib/armv7e-m/fpu\libg.a(lib_a-atexit.o)
                              d:/programs/gnu tools arm embedded/5. 4 2016q2/bin/../lib/gcc/arm-none-eabi/5.4.1/../../../../arm-none-eabi/lib/armv7e-m/fpu\libg.a(lib_a-__call_atexit.o) (atexit)
d:/programs/gnu tools arm embedded/5. 4 2016q2/bin/../lib/gcc/arm-none-eabi/5.4.1/../../../../arm-none-eabi/lib/armv7e-m/fpu\libg.a(lib_a-fini.o)
                              d:/programs/gnu tools arm embedded/5. 4 2016q2/bin/../lib/gcc/arm-none-eabi/5.4.1/../../../../arm-none-eabi/lib/armv7e-m/fpu\libg.a(lib_a-__call_atexit.o) (__libc_fini_array)
d:/programs/gnu tools arm embedded/5. 4 2016q2/bin/../lib/gcc/arm-none-eabi/5.4.1/../../../../arm-none-eabi/lib/armv7e-m/fpu\libg.a(lib_a-__atexit.o)
                              d:/programs/gnu tools arm embedded/5. 4 2016q2/bin/../lib/gcc/arm-none-eabi/5.4.1/../../../../arm-none-eabi/lib/armv7e-m/fpu\libg.a(lib_a-atexit.o) (__register_exitproc)

Allocating common symbols
Common symbol       size              file

defaultTaskHandle   0x4               ..\obj\main.o
hspi2               0x58              ..\obj\main.o
htim8               0x3c              ..\obj\stm32f4xx_hal_timebase_TIM.o
hi2c1               0x54              ..\obj\main.o
hi2c2               0x54              ..\obj\main.o
uwTick              0x4               ..\obj\stm32f4xx_hal.o
xQueueRegistry      0x40              ..\obj\queue.o
pFlash              0x20              ..\obj\stm32f4xx_hal_flash.o
hadc3               0x48              ..\obj\main.o
htim1               0x3c              ..\obj\main.o
huart6              0x40              ..\obj\main.o
hspi1               0x58              ..\obj\main.o

Discarded input sections

 .text          0x00000000        0x0 d:/programs/gnu tools arm embedded/5. 4 2016q2/bin/../lib/gcc/arm-none-eabi/5.4.1/armv7e-m/fpu/crti.o
 .data          0x00000000        0x0 d:/programs/gnu tools arm embedded/5. 4 2016q2/bin/../lib/gcc/arm-none-eabi/5.4.1/armv7e-m/fpu/crti.o
 .bss           0x00000000        0x0 d:/programs/gnu tools arm embedded/5. 4 2016q2/bin/../lib/gcc/arm-none-eabi/5.4.1/armv7e-m/fpu/crti.o
 .data          0x00000000        0x4 d:/programs/gnu tools arm embedded/5. 4 2016q2/bin/../lib/gcc/arm-none-eabi/5.4.1/armv7e-m/fpu/crtbegin.o
 .text          0x00000000       0x74 d:/programs/gnu tools arm embedded/5. 4 2016q2/bin/../lib/gcc/arm-none-eabi/5.4.1/../../../../arm-none-eabi/lib/armv7e-m/fpu/crt0.o
 .data          0x00000000        0x0 d:/programs/gnu tools arm embedded/5. 4 2016q2/bin/../lib/gcc/arm-none-eabi/5.4.1/../../../../arm-none-eabi/lib/armv7e-m/fpu/crt0.o
 .bss           0x00000000        0x0 d:/programs/gnu tools arm embedded/5. 4 2016q2/bin/../lib/gcc/arm-none-eabi/5.4.1/../../../../arm-none-eabi/lib/armv7e-m/fpu/crt0.o
 .ARM.extab     0x00000000        0x0 d:/programs/gnu tools arm embedded/5. 4 2016q2/bin/../lib/gcc/arm-none-eabi/5.4.1/../../../../arm-none-eabi/lib/armv7e-m/fpu/crt0.o
 .ARM.exidx     0x00000000        0x8 d:/programs/gnu tools arm embedded/5. 4 2016q2/bin/../lib/gcc/arm-none-eabi/5.4.1/../../../../arm-none-eabi/lib/armv7e-m/fpu/crt0.o
 .ARM.attributes
                0x00000000       0x20 d:/programs/gnu tools arm embedded/5. 4 2016q2/bin/../lib/gcc/arm-none-eabi/5.4.1/../../../../arm-none-eabi/lib/armv7e-m/fpu/crt0.o
 .data          0x00000000        0x0 ..\obj\stm32f4xx_hal_i2c.o
 .bss           0x00000000        0x0 ..\obj\stm32f4xx_hal_i2c.o
 .data          0x00000000        0x0 ..\obj\stm32f4xx_hal_gpio.o
 .bss           0x00000000        0x0 ..\obj\stm32f4xx_hal_gpio.o
 .data          0x00000000        0x0 ..\obj\list.o
 .bss           0x00000000        0x0 ..\obj\list.o
 .text          0x00000000      0x384 ..\obj\stm32f4xx_hal_pwr.o
 .data          0x00000000        0x0 ..\obj\stm32f4xx_hal_pwr.o
 .bss           0x00000000        0x0 ..\obj\stm32f4xx_hal_pwr.o
 .debug_info    0x00000000      0x867 ..\obj\stm32f4xx_hal_pwr.o
 .debug_abbrev  0x00000000      0x1f5 ..\obj\stm32f4xx_hal_pwr.o
 .debug_aranges
                0x00000000       0x20 ..\obj\stm32f4xx_hal_pwr.o
 .debug_line    0x00000000      0x465 ..\obj\stm32f4xx_hal_pwr.o
 .debug_str     0x00000000      0x639 ..\obj\stm32f4xx_hal_pwr.o
 .comment       0x00000000       0x6f ..\obj\stm32f4xx_hal_pwr.o
 .debug_frame   0x00000000      0x274 ..\obj\stm32f4xx_hal_pwr.o
 .ARM.attributes
                0x00000000       0x39 ..\obj\stm32f4xx_hal_pwr.o
 .data          0x00000000        0x0 ..\obj\queue.o
 .bss           0x00000000        0x0 ..\obj\queue.o
 .data          0x00000000        0x0 ..\obj\stm32f4xx_hal_cortex.o
 .bss           0x00000000        0x0 ..\obj\stm32f4xx_hal_cortex.o
 .data          0x00000000        0x0 ..\obj\startup_stm32f4xx.o
 .bss           0x00000000        0x0 ..\obj\startup_stm32f4xx.o
 .data          0x00000000        0x0 ..\obj\stm32f4xx_hal_spi.o
 .bss           0x00000000        0x0 ..\obj\stm32f4xx_hal_spi.o
 .data          0x00000000        0x0 ..\obj\stm32f4xx_hal_uart.o
 .bss           0x00000000        0x0 ..\obj\stm32f4xx_hal_uart.o
 .text          0x00000000        0x0 ..\obj\freertos.o
 .data          0x00000000        0x0 ..\obj\freertos.o
 .bss           0x00000000        0x0 ..\obj\freertos.o
 .debug_info    0x00000000       0x9c ..\obj\freertos.o
 .debug_abbrev  0x00000000       0x49 ..\obj\freertos.o
 .debug_aranges
                0x00000000       0x18 ..\obj\freertos.o
 .debug_line    0x00000000      0x16c ..\obj\freertos.o
 .debug_str     0x00000000      0x1d4 ..\obj\freertos.o
 .comment       0x00000000       0x6f ..\obj\freertos.o
 .ARM.attributes
                0x00000000       0x39 ..\obj\freertos.o
 .data          0x00000000        0x0 ..\obj\stm32f4xx_hal_adc_ex.o
 .bss           0x00000000        0x0 ..\obj\stm32f4xx_hal_adc_ex.o
 .data          0x00000000        0x0 ..\obj\stm32f4xx_hal_rcc.o
 .bss           0x00000000        0x0 ..\obj\stm32f4xx_hal_rcc.o
 .text          0x00000000     0x15ac ..\obj\stm32f4xx_hal_dma_ex.o
 .data          0x00000000        0x0 ..\obj\stm32f4xx_hal_dma_ex.o
 .bss           0x00000000        0x0 ..\obj\stm32f4xx_hal_dma_ex.o
 .debug_info    0x00000000      0x529 ..\obj\stm32f4xx_hal_dma_ex.o
 .debug_abbrev  0x00000000      0x167 ..\obj\stm32f4xx_hal_dma_ex.o
 .debug_aranges
                0x00000000       0x20 ..\obj\stm32f4xx_hal_dma_ex.o
 .debug_line    0x00000000      0xf20 ..\obj\stm32f4xx_hal_dma_ex.o
 .debug_str     0x00000000      0x625 ..\obj\stm32f4xx_hal_dma_ex.o
 .comment       0x00000000       0x6f ..\obj\stm32f4xx_hal_dma_ex.o
 .debug_frame   0x00000000       0xac ..\obj\stm32f4xx_hal_dma_ex.o
 .ARM.attributes
                0x00000000       0x39 ..\obj\stm32f4xx_hal_dma_ex.o
 .text          0x00000000      0x600 ..\obj\stm32f4xx_hal_flash.o
 .data          0x00000000        0x0 ..\obj\stm32f4xx_hal_flash.o
 .bss           0x00000000        0x0 ..\obj\stm32f4xx_hal_flash.o
 .debug_info    0x00000000      0x559 ..\obj\stm32f4xx_hal_flash.o
 .debug_abbrev  0x00000000      0x1df ..\obj\stm32f4xx_hal_flash.o
 .debug_aranges
                0x00000000       0x20 ..\obj\stm32f4xx_hal_flash.o
 .debug_line    0x00000000      0x4a2 ..\obj\stm32f4xx_hal_flash.o
 .debug_str     0x00000000      0x5ef ..\obj\stm32f4xx_hal_flash.o
 .comment       0x00000000       0x6f ..\obj\stm32f4xx_hal_flash.o
 .debug_frame   0x00000000      0x26c ..\obj\stm32f4xx_hal_flash.o
 .ARM.attributes
                0x00000000       0x39 ..\obj\stm32f4xx_hal_flash.o
 COMMON         0x00000000       0x20 ..\obj\stm32f4xx_hal_flash.o
 .data          0x00000000        0x0 ..\obj\stm32f4xx_hal_tim_ex.o
 .bss           0x00000000        0x0 ..\obj\stm32f4xx_hal_tim_ex.o
 .text          0x00000000        0x0 ..\obj\stm32f4xx_hal_i2c_ex.o
 .data          0x00000000        0x0 ..\obj\stm32f4xx_hal_i2c_ex.o
 .bss           0x00000000        0x0 ..\obj\stm32f4xx_hal_i2c_ex.o
 .debug_info    0x00000000       0xa0 ..\obj\stm32f4xx_hal_i2c_ex.o
 .debug_abbrev  0x00000000       0x4b ..\obj\stm32f4xx_hal_i2c_ex.o
 .debug_aranges
                0x00000000       0x18 ..\obj\stm32f4xx_hal_i2c_ex.o
 .debug_line    0x00000000      0x16c ..\obj\stm32f4xx_hal_i2c_ex.o
 .debug_str     0x00000000      0x28f ..\obj\stm32f4xx_hal_i2c_ex.o
 .comment       0x00000000       0x6f ..\obj\stm32f4xx_hal_i2c_ex.o
 .ARM.attributes
                0x00000000       0x39 ..\obj\stm32f4xx_hal_i2c_ex.o
 .text          0x00000000      0x5e4 ..\obj\event_groups.o
 .data          0x00000000        0x0 ..\obj\event_groups.o
 .bss           0x00000000        0x0 ..\obj\event_groups.o
 .debug_info    0x00000000      0x8f0 ..\obj\event_groups.o
 .debug_abbrev  0x00000000      0x1f0 ..\obj\event_groups.o
 .debug_aranges
                0x00000000       0x20 ..\obj\event_groups.o
 .debug_line    0x00000000      0x550 ..\obj\event_groups.o
 .debug_str     0x00000000      0x5dd ..\obj\event_groups.o
 .comment       0x00000000       0x6f ..\obj\event_groups.o
 .debug_frame   0x00000000      0x1a8 ..\obj\event_groups.o
 .ARM.attributes
                0x00000000       0x39 ..\obj\event_groups.o
 .text          0x00000000      0x1e0 ..\obj\stm32f4xx_hal_pwr_ex.o
 .data          0x00000000        0x0 ..\obj\stm32f4xx_hal_pwr_ex.o
 .bss           0x00000000        0x0 ..\obj\stm32f4xx_hal_pwr_ex.o
 .debug_info    0x00000000      0x4ce ..\obj\stm32f4xx_hal_pwr_ex.o
 .debug_abbrev  0x00000000      0x199 ..\obj\stm32f4xx_hal_pwr_ex.o
 .debug_aranges
                0x00000000       0x20 ..\obj\stm32f4xx_hal_pwr_ex.o
 .debug_line    0x00000000      0x407 ..\obj\stm32f4xx_hal_pwr_ex.o
 .debug_str     0x00000000      0x4d6 ..\obj\stm32f4xx_hal_pwr_ex.o
 .comment       0x00000000       0x6f ..\obj\stm32f4xx_hal_pwr_ex.o
 .debug_frame   0x00000000       0xec ..\obj\stm32f4xx_hal_pwr_ex.o
 .ARM.attributes
                0x00000000       0x39 ..\obj\stm32f4xx_hal_pwr_ex.o
 .text          0x00000000      0x164 ..\obj\system_stm32f4xx.o
 .bss           0x00000000        0x0 ..\obj\system_stm32f4xx.o
 .rodata        0x00000000       0x10 ..\obj\system_stm32f4xx.o
 .data          0x00000000        0x0 ..\obj\stm32f4xx_hal_dma.o
 .bss           0x00000000        0x0 ..\obj\stm32f4xx_hal_dma.o
 .data          0x00000000        0x0 ..\obj\stm32f4xx_it.o
 .bss           0x00000000        0x0 ..\obj\stm32f4xx_it.o
 .text          0x00000000        0x0 ..\obj\timers.o
 .data          0x00000000        0x0 ..\obj\timers.o
 .bss           0x00000000        0x0 ..\obj\timers.o
 .debug_info    0x00000000       0x9c ..\obj\timers.o
 .debug_abbrev  0x00000000       0x49 ..\obj\timers.o
 .debug_aranges
                0x00000000       0x18 ..\obj\timers.o
 .debug_line    0x00000000      0x16c ..\obj\timers.o
 .debug_str     0x00000000      0x1d7 ..\obj\timers.o
 .comment       0x00000000       0x6f ..\obj\timers.o
 .ARM.attributes
                0x00000000       0x39 ..\obj\timers.o
 .data          0x00000000        0x0 ..\obj\stm32f4xx_hal_msp.o
 .bss           0x00000000        0x0 ..\obj\stm32f4xx_hal_msp.o
 .data          0x00000000        0x0 ..\obj\main.o
 .bss           0x00000000        0x0 ..\obj\main.o
 .text          0x00000000      0x618 ..\obj\stm32f4xx_hal_flash_ex.o
 .data          0x00000000        0x0 ..\obj\stm32f4xx_hal_flash_ex.o
 .bss           0x00000000        0x0 ..\obj\stm32f4xx_hal_flash_ex.o
 .debug_info    0x00000000      0x6da ..\obj\stm32f4xx_hal_flash_ex.o
 .debug_abbrev  0x00000000      0x259 ..\obj\stm32f4xx_hal_flash_ex.o
 .debug_aranges
                0x00000000       0x20 ..\obj\stm32f4xx_hal_flash_ex.o
 .debug_line    0x00000000      0x4e9 ..\obj\stm32f4xx_hal_flash_ex.o
 .debug_str     0x00000000      0x66f ..\obj\stm32f4xx_hal_flash_ex.o
 .comment       0x00000000       0x6f ..\obj\stm32f4xx_hal_flash_ex.o
 .debug_frame   0x00000000      0x250 ..\obj\stm32f4xx_hal_flash_ex.o
 .ARM.attributes
                0x00000000       0x39 ..\obj\stm32f4xx_hal_flash_ex.o
 .data          0x00000000        0x0 ..\obj\stm32f4xx_hal.o
 .bss           0x00000000        0x0 ..\obj\stm32f4xx_hal.o
 .data          0x00000000        0x0 ..\obj\tasks.o
 .rodata        0x00000000        0x4 ..\obj\port.o
 .data          0x00000000        0x0 ..\obj\heap_4.o
 .rodata        0x00000000        0x4 ..\obj\heap_4.o
 .text          0x00000000      0x2ec ..\obj\stm32f4xx_hal_rcc_ex.o
 .data          0x00000000        0x0 ..\obj\stm32f4xx_hal_rcc_ex.o
 .bss           0x00000000        0x0 ..\obj\stm32f4xx_hal_rcc_ex.o
 .debug_info    0x00000000      0x51c ..\obj\stm32f4xx_hal_rcc_ex.o
 .debug_abbrev  0x00000000      0x1a8 ..\obj\stm32f4xx_hal_rcc_ex.o
 .debug_aranges
                0x00000000       0x20 ..\obj\stm32f4xx_hal_rcc_ex.o
 .debug_line    0x00000000      0x473 ..\obj\stm32f4xx_hal_rcc_ex.o
 .debug_str     0x00000000      0x510 ..\obj\stm32f4xx_hal_rcc_ex.o
 .comment       0x00000000       0x6f ..\obj\stm32f4xx_hal_rcc_ex.o
 .debug_frame   0x00000000       0x7c ..\obj\stm32f4xx_hal_rcc_ex.o
 .ARM.attributes
                0x00000000       0x39 ..\obj\stm32f4xx_hal_rcc_ex.o
 .text          0x00000000        0x0 ..\obj\croutine.o
 .data          0x00000000        0x0 ..\obj\croutine.o
 .bss           0x00000000        0x0 ..\obj\croutine.o
 .debug_info    0x00000000       0x9c ..\obj\croutine.o
 .debug_abbrev  0x00000000       0x49 ..\obj\croutine.o
 .debug_aranges
                0x00000000       0x18 ..\obj\croutine.o
 .debug_line    0x00000000      0x16c ..\obj\croutine.o
 .debug_str     0x00000000      0x1d9 ..\obj\croutine.o
 .comment       0x00000000       0x6f ..\obj\croutine.o
 .ARM.attributes
                0x00000000       0x39 ..\obj\croutine.o
 .text          0x00000000        0x0 ..\obj\stm32f4xx_hal_flash_ramfunc.o
 .data          0x00000000        0x0 ..\obj\stm32f4xx_hal_flash_ramfunc.o
 .bss           0x00000000        0x0 ..\obj\stm32f4xx_hal_flash_ramfunc.o
 .debug_info    0x00000000       0xa0 ..\obj\stm32f4xx_hal_flash_ramfunc.o
 .debug_abbrev  0x00000000       0x4b ..\obj\stm32f4xx_hal_flash_ramfunc.o
 .debug_aranges
                0x00000000       0x18 ..\obj\stm32f4xx_hal_flash_ramfunc.o
 .debug_line    0x00000000      0x16c ..\obj\stm32f4xx_hal_flash_ramfunc.o
 .debug_str     0x00000000      0x296 ..\obj\stm32f4xx_hal_flash_ramfunc.o
 .comment       0x00000000       0x6f ..\obj\stm32f4xx_hal_flash_ramfunc.o
 .ARM.attributes
                0x00000000       0x39 ..\obj\stm32f4xx_hal_flash_ramfunc.o
 .data          0x00000000        0x0 ..\obj\stm32f4xx_hal_adc.o
 .bss           0x00000000        0x0 ..\obj\stm32f4xx_hal_adc.o
 .data          0x00000000        0x0 ..\obj\cmsis_os.o
 .bss           0x00000000        0x0 ..\obj\cmsis_os.o
 .data          0x00000000        0x0 ..\obj\stm32f4xx_hal_timebase_TIM.o
 .bss           0x00000000        0x4 ..\obj\stm32f4xx_hal_timebase_TIM.o
 .data          0x00000000        0x0 ..\obj\stm32f4xx_hal_tim.o
 .bss           0x00000000        0x0 ..\obj\stm32f4xx_hal_tim.o
 .text          0x00000000        0x0 d:/programs/gnu tools arm embedded/5. 4 2016q2/bin/../lib/gcc/arm-none-eabi/5.4.1/../../../../arm-none-eabi/lib/armv7e-m/fpu\libg.a(lib_a-exit.o)
 .data          0x00000000        0x0 d:/programs/gnu tools arm embedded/5. 4 2016q2/bin/../lib/gcc/arm-none-eabi/5.4.1/../../../../arm-none-eabi/lib/armv7e-m/fpu\libg.a(lib_a-exit.o)
 .bss           0x00000000        0x0 d:/programs/gnu tools arm embedded/5. 4 2016q2/bin/../lib/gcc/arm-none-eabi/5.4.1/../../../../arm-none-eabi/lib/armv7e-m/fpu\libg.a(lib_a-exit.o)
 .text.exit     0x00000000       0x20 d:/programs/gnu tools arm embedded/5. 4 2016q2/bin/../lib/gcc/arm-none-eabi/5.4.1/../../../../arm-none-eabi/lib/armv7e-m/fpu\libg.a(lib_a-exit.o)
 .debug_frame   0x00000000       0x28 d:/programs/gnu tools arm embedded/5. 4 2016q2/bin/../lib/gcc/arm-none-eabi/5.4.1/../../../../arm-none-eabi/lib/armv7e-m/fpu\libg.a(lib_a-exit.o)
 .ARM.attributes
                0x00000000       0x34 d:/programs/gnu tools arm embedded/5. 4 2016q2/bin/../lib/gcc/arm-none-eabi/5.4.1/../../../../arm-none-eabi/lib/armv7e-m/fpu\libg.a(lib_a-exit.o)
 .text          0x00000000        0x0 d:/programs/gnu tools arm embedded/5. 4 2016q2/bin/../lib/gcc/arm-none-eabi/5.4.1/../../../../arm-none-eabi/lib/armv7e-m/fpu\libg.a(lib_a-impure.o)
 .data          0x00000000        0x0 d:/programs/gnu tools arm embedded/5. 4 2016q2/bin/../lib/gcc/arm-none-eabi/5.4.1/../../../../arm-none-eabi/lib/armv7e-m/fpu\libg.a(lib_a-impure.o)
 .bss           0x00000000        0x0 d:/programs/gnu tools arm embedded/5. 4 2016q2/bin/../lib/gcc/arm-none-eabi/5.4.1/../../../../arm-none-eabi/lib/armv7e-m/fpu\libg.a(lib_a-impure.o)
 .data._impure_ptr
                0x00000000        0x4 d:/programs/gnu tools arm embedded/5. 4 2016q2/bin/../lib/gcc/arm-none-eabi/5.4.1/../../../../arm-none-eabi/lib/armv7e-m/fpu\libg.a(lib_a-impure.o)
 .text          0x00000000        0x0 d:/programs/gnu tools arm embedded/5. 4 2016q2/bin/../lib/gcc/arm-none-eabi/5.4.1/../../../../arm-none-eabi/lib/armv7e-m/fpu\libg.a(lib_a-init.o)
 .data          0x00000000        0x0 d:/programs/gnu tools arm embedded/5. 4 2016q2/bin/../lib/gcc/arm-none-eabi/5.4.1/../../../../arm-none-eabi/lib/armv7e-m/fpu\libg.a(lib_a-init.o)
 .bss           0x00000000        0x0 d:/programs/gnu tools arm embedded/5. 4 2016q2/bin/../lib/gcc/arm-none-eabi/5.4.1/../../../../arm-none-eabi/lib/armv7e-m/fpu\libg.a(lib_a-init.o)
 .text.__libc_init_array
                0x00000000       0x50 d:/programs/gnu tools arm embedded/5. 4 2016q2/bin/../lib/gcc/arm-none-eabi/5.4.1/../../../../arm-none-eabi/lib/armv7e-m/fpu\libg.a(lib_a-init.o)
 .debug_frame   0x00000000       0x2c d:/programs/gnu tools arm embedded/5. 4 2016q2/bin/../lib/gcc/arm-none-eabi/5.4.1/../../../../arm-none-eabi/lib/armv7e-m/fpu\libg.a(lib_a-init.o)
 .ARM.attributes
                0x00000000       0x34 d:/programs/gnu tools arm embedded/5. 4 2016q2/bin/../lib/gcc/arm-none-eabi/5.4.1/../../../../arm-none-eabi/lib/armv7e-m/fpu\libg.a(lib_a-init.o)
 .data          0x00000000        0x0 d:/programs/gnu tools arm embedded/5. 4 2016q2/bin/../lib/gcc/arm-none-eabi/5.4.1/../../../../arm-none-eabi/lib/armv7e-m/fpu\libg.a(lib_a-memcpy.o)
 .bss           0x00000000        0x0 d:/programs/gnu tools arm embedded/5. 4 2016q2/bin/../lib/gcc/arm-none-eabi/5.4.1/../../../../arm-none-eabi/lib/armv7e-m/fpu\libg.a(lib_a-memcpy.o)
 .text          0x00000000        0x0 d:/programs/gnu tools arm embedded/5. 4 2016q2/bin/../lib/gcc/arm-none-eabi/5.4.1/../../../../arm-none-eabi/lib/armv7e-m/fpu\libg.a(lib_a-memset.o)
 .data          0x00000000        0x0 d:/programs/gnu tools arm embedded/5. 4 2016q2/bin/../lib/gcc/arm-none-eabi/5.4.1/../../../../arm-none-eabi/lib/armv7e-m/fpu\libg.a(lib_a-memset.o)
 .bss           0x00000000        0x0 d:/programs/gnu tools arm embedded/5. 4 2016q2/bin/../lib/gcc/arm-none-eabi/5.4.1/../../../../arm-none-eabi/lib/armv7e-m/fpu\libg.a(lib_a-memset.o)
 .text          0x00000000        0x0 d:/programs/gnu tools arm embedded/5. 4 2016q2/bin/../lib/gcc/arm-none-eabi/5.4.1/../../../../arm-none-eabi/lib/armv7e-m/fpu\libg.a(lib_a-__call_atexit.o)
 .data          0x00000000        0x0 d:/programs/gnu tools arm embedded/5. 4 2016q2/bin/../lib/gcc/arm-none-eabi/5.4.1/../../../../arm-none-eabi/lib/armv7e-m/fpu\libg.a(lib_a-__call_atexit.o)
 .bss           0x00000000        0x0 d:/programs/gnu tools arm embedded/5. 4 2016q2/bin/../lib/gcc/arm-none-eabi/5.4.1/../../../../arm-none-eabi/lib/armv7e-m/fpu\libg.a(lib_a-__call_atexit.o)
 .text.__call_exitprocs
                0x00000000       0xd8 d:/programs/gnu tools arm embedded/5. 4 2016q2/bin/../lib/gcc/arm-none-eabi/5.4.1/../../../../arm-none-eabi/lib/armv7e-m/fpu\libg.a(lib_a-__call_atexit.o)
 .text          0x00000000        0x0 d:/programs/gnu tools arm embedded/5. 4 2016q2/bin/../lib/gcc/arm-none-eabi/5.4.1/../../../../arm-none-eabi/lib/armv7e-m/fpu\libg.a(lib_a-atexit.o)
 .data          0x00000000        0x0 d:/programs/gnu tools arm embedded/5. 4 2016q2/bin/../lib/gcc/arm-none-eabi/5.4.1/../../../../arm-none-eabi/lib/armv7e-m/fpu\libg.a(lib_a-atexit.o)
 .bss           0x00000000        0x0 d:/programs/gnu tools arm embedded/5. 4 2016q2/bin/../lib/gcc/arm-none-eabi/5.4.1/../../../../arm-none-eabi/lib/armv7e-m/fpu\libg.a(lib_a-atexit.o)
 .text          0x00000000        0x0 d:/programs/gnu tools arm embedded/5. 4 2016q2/bin/../lib/gcc/arm-none-eabi/5.4.1/../../../../arm-none-eabi/lib/armv7e-m/fpu\libg.a(lib_a-fini.o)
 .data          0x00000000        0x0 d:/programs/gnu tools arm embedded/5. 4 2016q2/bin/../lib/gcc/arm-none-eabi/5.4.1/../../../../arm-none-eabi/lib/armv7e-m/fpu\libg.a(lib_a-fini.o)
 .bss           0x00000000        0x0 d:/programs/gnu tools arm embedded/5. 4 2016q2/bin/../lib/gcc/arm-none-eabi/5.4.1/../../../../arm-none-eabi/lib/armv7e-m/fpu\libg.a(lib_a-fini.o)
 .text          0x00000000        0x0 d:/programs/gnu tools arm embedded/5. 4 2016q2/bin/../lib/gcc/arm-none-eabi/5.4.1/../../../../arm-none-eabi/lib/armv7e-m/fpu\libg.a(lib_a-__atexit.o)
 .data          0x00000000        0x0 d:/programs/gnu tools arm embedded/5. 4 2016q2/bin/../lib/gcc/arm-none-eabi/5.4.1/../../../../arm-none-eabi/lib/armv7e-m/fpu\libg.a(lib_a-__atexit.o)
 .bss           0x00000000        0x0 d:/programs/gnu tools arm embedded/5. 4 2016q2/bin/../lib/gcc/arm-none-eabi/5.4.1/../../../../arm-none-eabi/lib/armv7e-m/fpu\libg.a(lib_a-__atexit.o)
 .text          0x00000000        0x0 d:/programs/gnu tools arm embedded/5. 4 2016q2/bin/../lib/gcc/arm-none-eabi/5.4.1/armv7e-m/fpu/crtend.o
 .data          0x00000000        0x0 d:/programs/gnu tools arm embedded/5. 4 2016q2/bin/../lib/gcc/arm-none-eabi/5.4.1/armv7e-m/fpu/crtend.o
 .bss           0x00000000        0x0 d:/programs/gnu tools arm embedded/5. 4 2016q2/bin/../lib/gcc/arm-none-eabi/5.4.1/armv7e-m/fpu/crtend.o
 .eh_frame      0x00000000        0x4 d:/programs/gnu tools arm embedded/5. 4 2016q2/bin/../lib/gcc/arm-none-eabi/5.4.1/armv7e-m/fpu/crtend.o
 .text          0x00000000        0x0 d:/programs/gnu tools arm embedded/5. 4 2016q2/bin/../lib/gcc/arm-none-eabi/5.4.1/armv7e-m/fpu/crtn.o
 .data          0x00000000        0x0 d:/programs/gnu tools arm embedded/5. 4 2016q2/bin/../lib/gcc/arm-none-eabi/5.4.1/armv7e-m/fpu/crtn.o
 .bss           0x00000000        0x0 d:/programs/gnu tools arm embedded/5. 4 2016q2/bin/../lib/gcc/arm-none-eabi/5.4.1/armv7e-m/fpu/crtn.o

Memory Configuration

Name             Origin             Length             Attributes
rom              0x08000000         0x00100000         xr
ram              0x20000000         0x00020000         xrw
*default*        0x00000000         0xffffffff

Linker script and memory map

LOAD d:/programs/gnu tools arm embedded/5. 4 2016q2/bin/../lib/gcc/arm-none-eabi/5.4.1/armv7e-m/fpu/crti.o
LOAD d:/programs/gnu tools arm embedded/5. 4 2016q2/bin/../lib/gcc/arm-none-eabi/5.4.1/armv7e-m/fpu/crtbegin.o
LOAD d:/programs/gnu tools arm embedded/5. 4 2016q2/bin/../lib/gcc/arm-none-eabi/5.4.1/../../../../arm-none-eabi/lib/armv7e-m/fpu/crt0.o
                0x20020000                _eram = 0x20020000

.text           0x08000000    0x16f28
 *(.isr_vector)
 .isr_vector    0x08000000      0x188 ..\obj\startup_stm32f4xx.o
                0x08000000                g_pfnVectors
 *(.text*)
 .text          0x08000188       0x5c d:/programs/gnu tools arm embedded/5. 4 2016q2/bin/../lib/gcc/arm-none-eabi/5.4.1/armv7e-m/fpu/crtbegin.o
 .text          0x080001e4     0x495c ..\obj\stm32f4xx_hal_i2c.o
                0x080001e4                HAL_I2C_Init
                0x080003a4                HAL_I2C_DeInit
                0x0800042c                HAL_I2C_Master_Transmit
                0x080005e0                HAL_I2C_Master_Receive
                0x08000940                HAL_I2C_Slave_Transmit
                0x08000b2c                HAL_I2C_Slave_Receive
                0x08000d08                HAL_I2C_Master_Transmit_IT
                0x08000e18                HAL_I2C_Master_Receive_IT
                0x08000f38                HAL_I2C_Master_Sequential_Transmit_IT
                0x0800108c                HAL_I2C_Master_Sequential_Receive_IT
                0x08001208                HAL_I2C_Slave_Transmit_IT
                0x0800131c                HAL_I2C_Slave_Receive_IT
                0x08001430                HAL_I2C_Slave_Sequential_Transmit_IT
                0x080014f0                HAL_I2C_Slave_Sequential_Receive_IT
                0x080015b0                HAL_I2C_EnableListen_IT
                0x08001600                HAL_I2C_DisableListen_IT
                0x08001678                HAL_I2C_Master_Transmit_DMA
                0x08001888                HAL_I2C_Master_Receive_DMA
                0x08001ac8                HAL_I2C_Master_Abort_IT
                0x08001b6c                HAL_I2C_Slave_Transmit_DMA
                0x08001dcc                HAL_I2C_Slave_Receive_DMA
                0x08001fac                HAL_I2C_Mem_Write
                0x08002158                HAL_I2C_Mem_Read
                0x080024b8                HAL_I2C_Mem_Write_IT
                0x080025e0                HAL_I2C_Mem_Read_IT
                0x08002720                HAL_I2C_Mem_Write_DMA
                0x08002920                HAL_I2C_Mem_Read_DMA
                0x08002b7c                HAL_I2C_IsDeviceReady
                0x08002db8                HAL_I2C_EV_IRQHandler
                0x08002fc0                HAL_I2C_ER_IRQHandler
                0x08003108                HAL_I2C_MasterTxCpltCallback
                0x0800311c                HAL_I2C_MasterRxCpltCallback
                0x08003130                HAL_I2C_SlaveTxCpltCallback
                0x08003144                HAL_I2C_SlaveRxCpltCallback
                0x08003158                HAL_I2C_AddrCallback
                0x08003174                HAL_I2C_ListenCpltCallback
                0x08003188                HAL_I2C_MemTxCpltCallback
                0x0800319c                HAL_I2C_MemRxCpltCallback
                0x080031b0                HAL_I2C_ErrorCallback
                0x080031c4                HAL_I2C_AbortCpltCallback
                0x080031d8                HAL_I2C_GetState
                0x080031f4                HAL_I2C_GetMode
                0x08003210                HAL_I2C_GetError
 .text          0x08004b40      0x64c ..\obj\stm32f4xx_hal_gpio.o
                0x08004b40                HAL_GPIO_Init
                0x08004e74                HAL_GPIO_DeInit
                0x0800506c                HAL_GPIO_ReadPin
                0x0800509c                HAL_GPIO_WritePin
                0x080050d0                HAL_GPIO_TogglePin
                0x080050f4                HAL_GPIO_LockPin
                0x08005144                HAL_GPIO_EXTI_IRQHandler
                0x08005174                HAL_GPIO_EXTI_Callback
 .text          0x0800518c      0x16c ..\obj\list.o
                0x0800518c                vListInitialise
                0x080051cc                vListInitialiseItem
                0x080051e8                vListInsertEnd
                0x08005230                vListInsert
                0x080052a4                uxListRemove
 .text          0x080052f8      0xeec ..\obj\queue.o
                0x080052f8                xQueueGenericReset
                0x080053c8                xQueueGenericCreate
                0x080054b8                xQueueCreateMutex
                0x080054e8                xQueueGenericSend
                0x080056dc                xQueueGenericSendFromISR
                0x08005804                xQueueGiveFromISR
                0x08005918                xQueueGenericReceive
                0x08005b3c                xQueueReceiveFromISR
                0x08005c38                xQueuePeekFromISR
                0x08005d04                uxQueueMessagesWaiting
                0x08005d40                uxQueueSpacesAvailable
                0x08005d84                uxQueueMessagesWaitingFromISR
                0x08005dbc                vQueueDelete
                0x08005df8                uxQueueGetQueueNumber
                0x08005e10                vQueueSetQueueNumber
                0x08005e2c                ucQueueGetQueueType
                0x08006038                xQueueIsQueueEmptyFromISR
                0x080060ac                xQueueIsQueueFullFromISR
                0x080060f4                vQueueAddToRegistry
                0x08006144                pcQueueGetName
                0x08006190                vQueueUnregisterQueue
 .text          0x080061e4      0x5c0 ..\obj\stm32f4xx_hal_cortex.o
                0x08006568                HAL_NVIC_SetPriorityGrouping
                0x08006580                HAL_NVIC_SetPriority
                0x080065b8                HAL_NVIC_EnableIRQ
                0x080065d4                HAL_NVIC_DisableIRQ
                0x080065f0                HAL_NVIC_SystemReset
                0x080065fc                HAL_SYSTICK_Config
                0x08006614                HAL_MPU_ConfigRegion
                0x0800669c                HAL_NVIC_GetPriorityGrouping
                0x080066ac                HAL_NVIC_GetPriority
                0x080066d8                HAL_NVIC_SetPendingIRQ
                0x080066f4                HAL_NVIC_GetPendingIRQ
                0x08006714                HAL_NVIC_ClearPendingIRQ
                0x08006730                HAL_NVIC_GetActive
                0x08006750                HAL_SYSTICK_CLKSourceConfig
                0x08006788                HAL_SYSTICK_IRQHandler
                0x08006794                HAL_SYSTICK_Callback
 .text          0x080067a4       0x64 ..\obj\startup_stm32f4xx.o
                0x080067a4                Default_Reset_Handler
                0x080067a4                Reset_Handler
                0x080067f8                EXTI2_IRQHandler
                0x080067f8                TIM8_CC_IRQHandler
                0x080067f8                TIM1_CC_IRQHandler
                0x080067f8                DMA2_Stream5_IRQHandler
                0x080067f8                DMA1_Stream5_IRQHandler
                0x080067f8                PVD_IRQHandler
                0x080067f8                SDIO_IRQHandler
                0x080067f8                TAMP_STAMP_IRQHandler
                0x080067f8                CAN2_RX1_IRQHandler
                0x080067f8                EXTI3_IRQHandler
                0x080067f8                TIM8_TRG_COM_TIM14_IRQHandler
                0x080067f8                TIM1_UP_TIM10_IRQHandler
                0x080067f8                I2C3_ER_IRQHandler
                0x080067f8                EXTI0_IRQHandler
                0x080067f8                HASH_RNG_IRQHandler
                0x080067f8                DMA1_Stream2_IRQHandler
                0x080067f8                CAN1_RX0_IRQHandler
                0x080067f8                FPU_IRQHandler
                0x080067f8                OTG_HS_WKUP_IRQHandler
                0x080067f8                CAN2_SCE_IRQHandler
                0x080067f8                DMA2_Stream2_IRQHandler
                0x080067f8                SPI1_IRQHandler
                0x080067f8                TIM6_DAC_IRQHandler
                0x080067f8                TIM1_BRK_TIM9_IRQHandler
                0x080067f8                DCMI_IRQHandler
                0x080067f8                CAN2_RX0_IRQHandler
                0x080067f8                DMA2_Stream3_IRQHandler
                0x080067f8                USART6_IRQHandler
                0x080067f8                USART3_IRQHandler
                0x080067f8                CRYP_IRQHandler
                0x080067f8                I2C2_EV_IRQHandler
                0x080067f8                CAN1_RX1_IRQHandler
                0x080067f8                UART5_IRQHandler
                0x080067f8                DMA2_Stream0_IRQHandler
                0x080067f8                TIM4_IRQHandler
                0x080067f8                I2C1_EV_IRQHandler
                0x080067f8                DMA1_Stream6_IRQHandler
                0x080067f8                DMA1_Stream1_IRQHandler
                0x080067f8                UART4_IRQHandler
                0x080067f8                TIM3_IRQHandler
                0x080067f8                RCC_IRQHandler
                0x080067f8                TIM8_BRK_TIM12_IRQHandler
                0x080067f8                EXTI15_10_IRQHandler
                0x080067f8                ADC_IRQHandler
                0x080067f8                RTC_Alarm_IRQHandler
                0x080067f8                DMA1_Stream7_IRQHandler
                0x080067f8                TIM7_IRQHandler
                0x080067f8                CAN2_TX_IRQHandler
                0x080067f8                TIM5_IRQHandler
                0x080067f8                DMA2_Stream7_IRQHandler
                0x080067f8                I2C3_EV_IRQHandler
                0x080067f8                EXTI9_5_IRQHandler
                0x080067f8                RTC_WKUP_IRQHandler
                0x080067f8                ETH_WKUP_IRQHandler
                0x080067f8                SPI2_IRQHandler
                0x080067f8                OTG_HS_EP1_IN_IRQHandler
                0x080067f8                DMA1_Stream0_IRQHandler
                0x080067f8                CAN1_TX_IRQHandler
                0x080067f8                EXTI4_IRQHandler
                0x080067f8                FSMC_IRQHandler
                0x080067f8                ETH_IRQHandler
                0x080067f8                OTG_HS_EP1_OUT_IRQHandler
                0x080067f8                WWDG_IRQHandler
                0x080067f8                TIM2_IRQHandler
                0x080067f8                OTG_FS_WKUP_IRQHandler
                0x080067f8                TIM1_TRG_COM_TIM11_IRQHandler
                0x080067f8                OTG_HS_IRQHandler
                0x080067f8                EXTI1_IRQHandler
                0x080067f8                USART2_IRQHandler
                0x080067f8                I2C2_ER_IRQHandler
                0x080067f8                DMA2_Stream1_IRQHandler
                0x080067f8                CAN1_SCE_IRQHandler
                0x080067f8                FLASH_IRQHandler
                0x080067f8                DMA2_Stream4_IRQHandler
                0x080067f8                USART1_IRQHandler
                0x080067f8                OTG_FS_IRQHandler
                0x080067f8                SPI3_IRQHandler
                0x080067f8                DMA1_Stream4_IRQHandler
                0x080067f8                I2C1_ER_IRQHandler
                0x080067f8                DMA2_Stream6_IRQHandler
                0x080067f8                DMA1_Stream3_IRQHandler
 .text          0x08006808     0x1c78 ..\obj\stm32f4xx_hal_spi.o
                0x08006808                HAL_SPI_Init
                0x080068d0                HAL_SPI_DeInit
                0x08006948                HAL_SPI_Transmit
                0x08006bc0                HAL_SPI_Receive
                0x08006ddc                HAL_SPI_TransmitReceive
                0x0800711c                HAL_SPI_Transmit_IT
                0x08007238                HAL_SPI_Receive_IT
                0x08007360                HAL_SPI_TransmitReceive_IT
                0x08007490                HAL_SPI_Transmit_DMA
                0x080075cc                HAL_SPI_Receive_DMA
                0x0800772c                HAL_SPI_TransmitReceive_DMA
                0x080078fc                HAL_SPI_DMAPause
                0x08007940                HAL_SPI_DMAResume
                0x08007984                HAL_SPI_DMAStop
                0x080079d4                HAL_SPI_IRQHandler
                0x08007b84                HAL_SPI_TxCpltCallback
                0x08007b98                HAL_SPI_RxCpltCallback
                0x08007bac                HAL_SPI_TxRxCpltCallback
                0x08007bc0                HAL_SPI_TxHalfCpltCallback
                0x08007bd4                HAL_SPI_RxHalfCpltCallback
                0x08007be8                HAL_SPI_TxRxHalfCpltCallback
                0x08007bfc                HAL_SPI_ErrorCallback
                0x08007c10                HAL_SPI_GetState
                0x08007c2c                HAL_SPI_GetError
 .text          0x08008480     0x1814 ..\obj\stm32f4xx_hal_uart.o
                0x08008480                HAL_UART_Init
                0x0800851c                HAL_HalfDuplex_Init
                0x080085c8                HAL_LIN_Init
                0x08008694                HAL_MultiProcessor_Init
                0x08008774                HAL_UART_DeInit
                0x080087e4                HAL_UART_Transmit
                0x08008910                HAL_UART_Receive
                0x08008a58                HAL_UART_Transmit_IT
                0x08008ae4                HAL_UART_Receive_IT
                0x08008b80                HAL_UART_Transmit_DMA
                0x08008c58                HAL_UART_Receive_DMA
                0x08008d40                HAL_UART_DMAPause
                0x08008e08                HAL_UART_DMAResume
                0x08008eac                HAL_UART_DMAStop
                0x08008f64                HAL_UART_IRQHandler
                0x0800915c                HAL_UART_TxCpltCallback
                0x08009170                HAL_UART_TxHalfCpltCallback
                0x08009184                HAL_UART_RxCpltCallback
                0x08009198                HAL_UART_RxHalfCpltCallback
                0x080091ac                HAL_UART_ErrorCallback
                0x080091c0                HAL_LIN_SendBreak
                0x08009214                HAL_MultiProcessor_EnterMuteMode
                0x08009268                HAL_MultiProcessor_ExitMuteMode
                0x080092bc                HAL_HalfDuplex_EnableTransmitter
                0x08009324                HAL_HalfDuplex_EnableReceiver
                0x0800938c                HAL_UART_GetState
                0x080093c8                HAL_UART_GetError
 .text          0x08009c94      0xc68 ..\obj\stm32f4xx_hal_adc_ex.o
                0x08009c94                HAL_ADCEx_InjectedStart
                0x08009e0c                HAL_ADCEx_InjectedStart_IT
                0x08009f94                HAL_ADCEx_InjectedStop
                0x0800a02c                HAL_ADCEx_InjectedPollForConversion
                0x0800a114                HAL_ADCEx_InjectedStop_IT
                0x0800a1bc                HAL_ADCEx_InjectedGetValue
                0x0800a22c                HAL_ADCEx_MultiModeStart_DMA
                0x0800a3a0                HAL_ADCEx_MultiModeStop_DMA
                0x0800a434                HAL_ADCEx_MultiModeGetValue
                0x0800a450                HAL_ADCEx_InjectedConvCpltCallback
                0x0800a464                HAL_ADCEx_InjectedConfigChannel
                0x0800a780                HAL_ADCEx_MultiModeConfigChannel
 .text          0x0800a8fc      0xb00 ..\obj\stm32f4xx_hal_rcc.o
                0x0800a90c                HAL_RCC_OscConfig
                0x0800ad30                HAL_RCC_ClockConfig
                0x0800af54                HAL_RCC_MCOConfig
                0x0800b024                HAL_RCC_EnableCSS
                0x0800b03c                HAL_RCC_DisableCSS
                0x0800b054                HAL_RCC_GetSysClockFreq
                0x0800b150                HAL_RCC_GetHCLKFreq
                0x0800b168                HAL_RCC_GetPCLK1Freq
                0x0800b1ac                HAL_RCC_GetPCLK2Freq
                0x0800b1f0                HAL_RCC_GetOscConfig
                0x0800b360                HAL_RCC_GetClockConfig
                0x0800b3c4                HAL_RCC_NMI_IRQHandler
                0x0800b3ec                HAL_RCC_CSSCallback
 .text          0x0800b3fc     0x14a8 ..\obj\stm32f4xx_hal_tim_ex.o
                0x0800b3fc                HAL_TIMEx_HallSensor_Init
                0x0800b514                HAL_TIMEx_HallSensor_DeInit
                0x0800b574                HAL_TIMEx_HallSensor_MspInit
                0x0800b588                HAL_TIMEx_HallSensor_MspDeInit
                0x0800b59c                HAL_TIMEx_HallSensor_Start
                0x0800b5cc                HAL_TIMEx_HallSensor_Stop
                0x0800b61c                HAL_TIMEx_HallSensor_Start_IT
                0x0800b65c                HAL_TIMEx_HallSensor_Stop_IT
                0x0800b6bc                HAL_TIMEx_HallSensor_Start_DMA
                0x0800b764                HAL_TIMEx_HallSensor_Stop_DMA
                0x0800b7c4                HAL_TIMEx_OCN_Start
                0x0800b808                HAL_TIMEx_OCN_Stop
                0x0800b88c                HAL_TIMEx_OCN_Start_IT
                0x0800b96c                HAL_TIMEx_OCN_Stop_IT
                0x0800ba9c                HAL_TIMEx_OCN_Start_DMA
                0x0800bc3c                HAL_TIMEx_OCN_Stop_DMA
                0x0800bd54                HAL_TIMEx_PWMN_Start
                0x0800bd98                HAL_TIMEx_PWMN_Stop
                0x0800be1c                HAL_TIMEx_PWMN_Start_IT
                0x0800befc                HAL_TIMEx_PWMN_Stop_IT
                0x0800c02c                HAL_TIMEx_PWMN_Start_DMA
                0x0800c1cc                HAL_TIMEx_PWMN_Stop_DMA
                0x0800c2e4                HAL_TIMEx_OnePulseN_Start
                0x0800c318                HAL_TIMEx_OnePulseN_Stop
                0x0800c39c                HAL_TIMEx_OnePulseN_Start_IT
                0x0800c3f0                HAL_TIMEx_OnePulseN_Stop_IT
                0x0800c494                HAL_TIMEx_ConfigCommutationEvent
                0x0800c534                HAL_TIMEx_ConfigCommutationEvent_IT
                0x0800c5e4                HAL_TIMEx_ConfigCommutationEvent_DMA
                0x0800c6ac                HAL_TIMEx_MasterConfigSynchronization
                0x0800c738                HAL_TIMEx_ConfigBreakDeadTime
                0x0800c7ac                HAL_TIMEx_RemapConfig
                0x0800c7f4                HAL_TIMEx_CommutationCallback
                0x0800c808                HAL_TIMEx_BreakCallback
                0x0800c81c                HAL_TIMEx_HallSensor_GetState
                0x0800c838                TIMEx_DMACommutationCplt
 .text          0x0800c8a4      0xcbc ..\obj\stm32f4xx_hal_dma.o
                0x0800c8a4                HAL_DMA_Init
                0x0800c9f8                HAL_DMA_DeInit
                0x0800ca90                HAL_DMA_Start
                0x0800cb08                HAL_DMA_Start_IT
                0x0800cbc8                HAL_DMA_Abort
                0x0800cca8                HAL_DMA_Abort_IT
                0x0800ccec                HAL_DMA_PollForTransfer
                0x0800ceb4                HAL_DMA_IRQHandler
                0x0800d1d4                HAL_DMA_RegisterCallback
                0x0800d27c                HAL_DMA_UnRegisterCallback
                0x0800d350                HAL_DMA_GetState
                0x0800d36c                HAL_DMA_GetError
 .text          0x0800d560       0x60 ..\obj\stm32f4xx_it.o
                0x0800d560                NMI_Handler
                0x0800d570                HardFault_Handler
                0x0800d578                MemManage_Handler
                0x0800d580                BusFault_Handler
                0x0800d588                UsageFault_Handler
                0x0800d590                DebugMon_Handler
                0x0800d5a0                SysTick_Handler
                0x0800d5ac                TIM8_UP_TIM13_IRQHandler
 .text          0x0800d5c0      0x480 ..\obj\stm32f4xx_hal_msp.o
                0x0800d5c0                HAL_MspInit
                0x0800d624                HAL_ADC_MspInit
                0x0800d680                HAL_ADC_MspDeInit
                0x0800d6bc                HAL_I2C_MspInit
                0x0800d76c                HAL_I2C_MspDeInit
                0x0800d7cc                HAL_SPI_MspInit
                0x0800d880                HAL_SPI_MspDeInit
                0x0800d8e4                HAL_TIM_Base_MspInit
                0x0800d928                HAL_TIM_MspPostInit
                0x0800d96c                HAL_TIM_Base_MspDeInit
                0x0800d9a0                HAL_UART_MspInit
                0x0800da04                HAL_UART_MspDeInit
 .text          0x0800da40      0x784 ..\obj\main.o
                0x0800da40                main
                0x0800daa0                SystemClock_Config
                0x0800e188                StartDefaultTask
                0x0800e198                HAL_TIM_PeriodElapsedCallback
                0x0800e1bc                Error_Handler
 .text          0x0800e1c4      0x30c ..\obj\stm32f4xx_hal.o
                0x0800e1c4                HAL_Init
                0x0800e208                HAL_DeInit
                0x0800e270                HAL_MspDeInit
                0x0800e2b8                HAL_IncTick
                0x0800e2d4                HAL_GetTick
                0x0800e2ec                HAL_Delay
                0x0800e358                HAL_GetHalVersion
                0x0800e36c                HAL_GetREVID
                0x0800e384                HAL_GetDEVID
                0x0800e3a0                HAL_DBGMCU_EnableDBGSleepMode
                0x0800e3c0                HAL_DBGMCU_DisableDBGSleepMode
                0x0800e3e0                HAL_DBGMCU_EnableDBGStopMode
                0x0800e400                HAL_DBGMCU_DisableDBGStopMode
                0x0800e420                HAL_DBGMCU_EnableDBGStandbyMode
                0x0800e440                HAL_DBGMCU_DisableDBGStandbyMode
                0x0800e460                HAL_EnableCompensationCell
                0x0800e498                HAL_DisableCompensationCell
 .text          0x0800e4d0     0x1f78 ..\obj\tasks.o
                0x0800e4d0                xTaskCreate
                0x0800e73c                vTaskDelete
                0x0800e858                vTaskDelay
                0x0800e8c0                eTaskGetState
                0x0800e970                uxTaskPriorityGet
                0x0800e9a4                uxTaskPriorityGetFromISR
                0x0800e9fc                vTaskPrioritySet
                0x0800eb58                vTaskSuspend
                0x0800ecdc                vTaskResume
                0x0800ed94                xTaskResumeFromISR
                0x0800ee74                vTaskStartScheduler
                0x0800ef00                vTaskEndScheduler
                0x0800ef30                vTaskSuspendAll
                0x0800ef4c                xTaskResumeAll
                0x0800f084                xTaskGetTickCount
                0x0800f0a4                xTaskGetTickCountFromISR
                0x0800f0c8                uxTaskGetNumberOfTasks
                0x0800f0e0                pcTaskGetName
                0x0800f128                uxTaskGetSystemState
                0x0800f244                xTaskIncrementTick
                0x0800f3bc                vTaskSwitchContext
                0x0800f470                vTaskPlaceOnEventList
                0x0800f4b8                vTaskPlaceOnUnorderedEventList
                0x0800f52c                xTaskRemoveFromEventList
                0x0800f5f0                xTaskRemoveFromUnorderedEventList
                0x0800f6bc                vTaskSetTimeOutState
                0x0800f704                xTaskCheckForTimeOut
                0x0800f7c0                vTaskMissedYield
                0x0800f7d8                uxTaskGetTaskNumber
                0x0800f804                vTaskSetTaskNumber
                0x0800f954                vTaskGetInfo
                0x0800fb58                xTaskGetCurrentTaskHandle
                0x0800fb78                xTaskGetSchedulerState
                0x0800fbb4                vTaskPriorityInherit
                0x0800fca0                xTaskPriorityDisinherit
                0x0800fda8                uxTaskResetEventItemValue
                0x0800fdd8                pvTaskIncrementMutexHeldCount
                0x0800fe00                ulTaskNotifyTake
                0x0800fe90                xTaskNotifyWait
                0x0800ff44                xTaskGenericNotify
                0x08010084                xTaskGenericNotifyFromISR
                0x08010210                vTaskNotifyGiveFromISR
                0x08010330                xTaskNotifyStateClear
 *fill*         0x08010448        0x8 
 .text          0x08010450      0x454 ..\obj\port.o
                0x08010450                pxPortInitialiseStack
                0x080104f4                SVC_Handler
                0x08010534                xPortStartScheduler
                0x0801064c                vPortEndScheduler
                0x08010680                vPortEnterCritical
                0x080106dc                vPortExitCritical
                0x0801072c                PendSV_Handler
                0x08010798                xPortSysTickHandler
                0x080107d8                vPortSetupTimerInterrupt
                0x08010820                vPortValidateInterruptPriority
 .text          0x080108a4      0x3ec ..\obj\heap_4.o
                0x080108a4                pvPortMalloc
                0x08010a28                vPortFree
                0x08010ad8                xPortGetFreeHeapSize
                0x08010af0                xPortGetMinimumEverFreeHeapSize
                0x08010b08                vPortInitialiseBlocks
 .text          0x08010c90     0x1184 ..\obj\stm32f4xx_hal_adc.o
                0x08010c90                HAL_ADC_Init
                0x08010d18                HAL_ADC_DeInit
                0x08010da4                HAL_ADC_Start
                0x08010eec                HAL_ADC_Stop
                0x08010f54                HAL_ADC_PollForConversion
                0x08011058                HAL_ADC_PollForEvent
                0x08011100                HAL_ADC_Start_IT
                0x0801125c                HAL_ADC_Stop_IT
                0x080112d8                HAL_ADC_IRQHandler
                0x08011558                HAL_ADC_Start_DMA
                0x080116f8                HAL_ADC_Stop_DMA
                0x0801178c                HAL_ADC_GetValue
                0x080117a8                HAL_ADC_ConvCpltCallback
                0x080117bc                HAL_ADC_ConvHalfCpltCallback
                0x080117d0                HAL_ADC_LevelOutOfWindowCallback
                0x080117e4                HAL_ADC_ErrorCallback
                0x080117f8                HAL_ADC_ConfigChannel
                0x08011a2c                HAL_ADC_AnalogWDGConfig
                0x08011aec                HAL_ADC_GetState
                0x08011b04                HAL_ADC_GetError
 .text          0x08011e14      0xe4c ..\obj\cmsis_os.o
                0x08011e94                osKernelStart
                0x08011ea4                osKernelRunning
                0x08011ebc                osKernelSysTick
                0x08011edc                osThreadCreate
                0x08011f2c                osThreadGetId
                0x08011f3c                osThreadTerminate
                0x08011f54                osThreadYield
                0x08011f78                osThreadSetPriority
                0x08011fa4                osThreadGetPriority
                0x08011fe0                osDelay
                0x08012008                osTimerCreate
                0x08012024                osTimerStart
                0x08012044                osTimerStop
                0x08012064                osTimerDelete
                0x08012084                osSignalSet
                0x080120f4                osSignalWait
                0x0801218c                osMutexCreate
                0x080121a4                osMutexWait
                0x08012244                osMutexRelease
                0x080122b0                osMutexDelete
                0x080122d8                osSemaphoreCreate
                0x08012314                osSemaphoreWait
                0x080123b4                osSemaphoreRelease
                0x08012420                osSemaphoreDelete
                0x08012448                osPoolCreate
                0x08012504                osPoolAlloc
                0x080125c8                osPoolCAlloc
                0x080125f4                osPoolFree
                0x08012678                osMessageCreate
                0x0801269c                osMessagePut
                0x0801271c                osMessageGet
                0x08012804                osMailCreate
                0x080128b8                osMailAlloc
                0x080128e4                osMailCAlloc
                0x08012924                osMailPut
                0x080129a0                osMailGet
                0x08012a88                osMailFree
                0x08012ab4                osSystickHandler
                0x08012acc                osThreadSuspend
                0x08012ae4                osThreadResume
                0x08012b28                osThreadSuspendAll
                0x08012b38                osThreadResumeAll
                0x08012b50                osDelayUntil
                0x08012b68                osThreadList
                0x08012b80                osMessagePeek
                0x08012c18                osRecursiveMutexCreate
                0x08012c30                osRecursiveMutexRelease
                0x08012c48                osRecursiveMutexWait
 .text          0x08012c60       0xfc ..\obj\stm32f4xx_hal_timebase_TIM.o
                0x08012c60                HAL_InitTick
                0x08012d14                HAL_SuspendTick
                0x08012d38                HAL_ResumeTick
 .text          0x08012d5c     0x3eb0 ..\obj\stm32f4xx_hal_tim.o
                0x08012d5c                HAL_TIM_Base_Init
                0x08012db4                HAL_TIM_Base_DeInit
                0x08012e3c                HAL_TIM_Base_Start
                0x08012e74                HAL_TIM_Base_Stop
                0x08012ecc                HAL_TIM_Base_Start_IT
                0x08012f04                HAL_TIM_Base_Stop_IT
                0x08012f5c                HAL_TIM_Base_Start_DMA
                0x08012ff4                HAL_TIM_Base_Stop_DMA
                0x08013054                HAL_TIM_OC_Init
                0x080130ac                HAL_TIM_OC_DeInit
                0x0801310c                HAL_TIM_OC_MspInit
                0x08013120                HAL_TIM_OC_MspDeInit
                0x08013134                HAL_TIM_OC_Start
                0x0801319c                HAL_TIM_OC_Stop
                0x08013244                HAL_TIM_OC_Start_IT
                0x08013338                HAL_TIM_OC_Stop_IT
                0x0801346c                HAL_TIM_OC_Start_DMA
                0x08013630                HAL_TIM_OC_Stop_DMA
                0x0801376c                HAL_TIM_PWM_Init
                0x080137c4                HAL_TIM_PWM_DeInit
                0x08013824                HAL_TIM_PWM_MspInit
                0x08013838                HAL_TIM_PWM_MspDeInit
                0x0801384c                HAL_TIM_PWM_Start
                0x080138b4                HAL_TIM_PWM_Stop
                0x08013964                HAL_TIM_PWM_Start_IT
                0x08013a58                HAL_TIM_PWM_Stop_IT
                0x08013b8c                HAL_TIM_PWM_Start_DMA
                0x08013d50                HAL_TIM_PWM_Stop_DMA
                0x08013e8c                HAL_TIM_IC_Init
                0x08013ee4                HAL_TIM_IC_DeInit
                0x08013f44                HAL_TIM_IC_MspInit
                0x08013f58                HAL_TIM_IC_MspDeInit
                0x08013f6c                HAL_TIM_IC_Start
                0x08013fa0                HAL_TIM_IC_Stop
                0x08013ff4                HAL_TIM_IC_Start_IT
                0x080140b4                HAL_TIM_IC_Stop_IT
                0x08014194                HAL_TIM_IC_Start_DMA
                0x08014324                HAL_TIM_IC_Stop_DMA
                0x0801440c                HAL_TIM_OnePulse_Init
                0x08014484                HAL_TIM_OnePulse_DeInit
                0x080144e4                HAL_TIM_OnePulse_MspInit
                0x080144f8                HAL_TIM_OnePulse_MspDeInit
                0x0801450c                HAL_TIM_OnePulse_Start
                0x08014574                HAL_TIM_OnePulse_Stop
                0x0801462c                HAL_TIM_OnePulse_Start_IT
                0x080146b4                HAL_TIM_OnePulse_Stop_IT
                0x0801478c                HAL_TIM_Encoder_Init
                0x080148b8                HAL_TIM_Encoder_DeInit
                0x08014918                HAL_TIM_Encoder_MspInit
                0x0801492c                HAL_TIM_Encoder_MspDeInit
                0x08014940                HAL_TIM_Encoder_Start
                0x080149b0                HAL_TIM_Encoder_Stop
                0x08014a40                HAL_TIM_Encoder_Start_IT
                0x08014af0                HAL_TIM_Encoder_Stop_IT
                0x08014bc4                HAL_TIM_Encoder_Start_DMA
                0x08014d6c                HAL_TIM_Encoder_Stop_DMA
                0x08014e40                HAL_TIM_IRQHandler
                0x08015050                HAL_TIM_OC_ConfigChannel
                0x08015110                HAL_TIM_IC_ConfigChannel
                0x08015248                HAL_TIM_PWM_ConfigChannel
                0x080153d4                HAL_TIM_OnePulse_ConfigChannel
                0x08015554                HAL_TIM_DMABurst_WriteStart
                0x08015738                HAL_TIM_DMABurst_WriteStop
                0x080157e8                HAL_TIM_DMABurst_ReadStart
                0x080159cc                HAL_TIM_DMABurst_ReadStop
                0x08015a7c                HAL_TIM_GenerateEvent
                0x08015acc                HAL_TIM_ConfigOCrefClear
                0x08015c20                HAL_TIM_ConfigClockSource
                0x08015dd8                HAL_TIM_ConfigTI1Input
                0x08015e14                HAL_TIM_SlaveConfigSynchronization
                0x08015e80                HAL_TIM_SlaveConfigSynchronization_IT
                0x08015eec                HAL_TIM_ReadCapturedValue
                0x08015fa4                HAL_TIM_OC_DelayElapsedCallback
                0x08015fb8                HAL_TIM_IC_CaptureCallback
                0x08015fcc                HAL_TIM_PWM_PulseFinishedCallback
                0x08015fe0                HAL_TIM_TriggerCallback
                0x08015ff4                HAL_TIM_ErrorCallback
                0x08016008                HAL_TIM_Base_GetState
                0x08016024                HAL_TIM_OC_GetState
                0x08016040                HAL_TIM_PWM_GetState
                0x0801605c                HAL_TIM_IC_GetState
                0x08016078                HAL_TIM_OnePulse_GetState
                0x08016094                HAL_TIM_Encoder_GetState
                0x080160b0                TIM_Base_SetConfig
                0x08016204                TIM_TI1_SetConfig
                0x080162fc                TIM_OC2_SetConfig
                0x080163ec                TIM_DMADelayPulseCplt
                0x0801645c                TIM_DMAError
                0x08016480                TIM_DMACaptureCplt
                0x080164f0                TIM_CCxChannelCmd
 .text          0x08016c0c      0x134 d:/programs/gnu tools arm embedded/5. 4 2016q2/bin/../lib/gcc/arm-none-eabi/5.4.1/../../../../arm-none-eabi/lib/armv7e-m/fpu\libg.a(lib_a-memcpy.o)
                0x08016c0c                memcpy
 .text.memset   0x08016d40       0x9c d:/programs/gnu tools arm embedded/5. 4 2016q2/bin/../lib/gcc/arm-none-eabi/5.4.1/../../../../arm-none-eabi/lib/armv7e-m/fpu\libg.a(lib_a-memset.o)
                0x08016d40                memset
 .text.startup.register_fini
                0x08016ddc       0x14 d:/programs/gnu tools arm embedded/5. 4 2016q2/bin/../lib/gcc/arm-none-eabi/5.4.1/../../../../arm-none-eabi/lib/armv7e-m/fpu\libg.a(lib_a-__call_atexit.o)
 .text.atexit   0x08016df0        0xc d:/programs/gnu tools arm embedded/5. 4 2016q2/bin/../lib/gcc/arm-none-eabi/5.4.1/../../../../arm-none-eabi/lib/armv7e-m/fpu\libg.a(lib_a-atexit.o)
                0x08016df0                atexit
 .text.__libc_fini_array
                0x08016dfc       0x28 d:/programs/gnu tools arm embedded/5. 4 2016q2/bin/../lib/gcc/arm-none-eabi/5.4.1/../../../../arm-none-eabi/lib/armv7e-m/fpu\libg.a(lib_a-fini.o)
                0x08016dfc                __libc_fini_array
 .text.__register_exitproc
                0x08016e24       0xa4 d:/programs/gnu tools arm embedded/5. 4 2016q2/bin/../lib/gcc/arm-none-eabi/5.4.1/../../../../arm-none-eabi/lib/armv7e-m/fpu\libg.a(lib_a-__atexit.o)
                0x08016e24                __register_exitproc
 *(.init)
 .init          0x08016ec8        0x4 d:/programs/gnu tools arm embedded/5. 4 2016q2/bin/../lib/gcc/arm-none-eabi/5.4.1/armv7e-m/fpu/crti.o
                0x08016ec8                _init
 .init          0x08016ecc        0x8 d:/programs/gnu tools arm embedded/5. 4 2016q2/bin/../lib/gcc/arm-none-eabi/5.4.1/armv7e-m/fpu/crtn.o
 *(.fini)
 .fini          0x08016ed4        0x4 d:/programs/gnu tools arm embedded/5. 4 2016q2/bin/../lib/gcc/arm-none-eabi/5.4.1/armv7e-m/fpu/crti.o
                0x08016ed4                _fini
 .fini          0x08016ed8        0x8 d:/programs/gnu tools arm embedded/5. 4 2016q2/bin/../lib/gcc/arm-none-eabi/5.4.1/armv7e-m/fpu/crtn.o
 *crtbegin.o(.ctors)
 *crtbegin?.o(.ctors)
 *(EXCLUDE_FILE(*crtend.o *crtend?.o) .ctors)
 *(SORT(.ctors.*))
 *(.ctors)
 *crtbegin.o(.dtors)
 *crtbegin?.o(.dtors)
 *(EXCLUDE_FILE(*crtend.o *crtend?.o) .dtors)
 *(SORT(.dtors.*))
 *(.dtors)
 *(.rodata*)
 .rodata        0x08016ee0       0x10 ..\obj\stm32f4xx_hal_rcc.o
                0x08016ee0                APBAHBPrescTable
 .rodata        0x08016ef0        0x8 ..\obj\stm32f4xx_hal_dma.o
 .rodata        0x08016ef8       0x20 ..\obj\main.o
 .rodata        0x08016f18        0x5 ..\obj\tasks.o
 *fill*         0x08016f1d        0x3 
 .rodata.str1.4
                0x08016f20        0x4 d:/programs/gnu tools arm embedded/5. 4 2016q2/bin/../lib/gcc/arm-none-eabi/5.4.1/../../../../arm-none-eabi/lib/armv7e-m/fpu\libg.a(lib_a-impure.o)
                                  0x2 (size before relaxing)
 .rodata._global_impure_ptr
                0x08016f24        0x4 d:/programs/gnu tools arm embedded/5. 4 2016q2/bin/../lib/gcc/arm-none-eabi/5.4.1/../../../../arm-none-eabi/lib/armv7e-m/fpu\libg.a(lib_a-impure.o)
                0x08016f24                _global_impure_ptr
 *(.eh_fram e*)

.eh_frame       0x08016f28        0x0
 .eh_frame      0x08016f28        0x0 d:/programs/gnu tools arm embedded/5. 4 2016q2/bin/../lib/gcc/arm-none-eabi/5.4.1/armv7e-m/fpu/crtbegin.o

.glue_7         0x08016f28        0x0
 .glue_7        0x08016f28        0x0 linker stubs

.glue_7t        0x08016f28        0x0
 .glue_7t       0x08016f28        0x0 linker stubs

.vfp11_veneer   0x08016f28        0x0
 .vfp11_veneer  0x08016f28        0x0 linker stubs

.v4_bx          0x08016f28        0x0
 .v4_bx         0x08016f28        0x0 linker stubs

.iplt           0x08016f28        0x0
 .iplt          0x08016f28        0x0 d:/programs/gnu tools arm embedded/5. 4 2016q2/bin/../lib/gcc/arm-none-eabi/5.4.1/armv7e-m/fpu/crtbegin.o

.rel.dyn        0x08016f28        0x0
 .rel.iplt      0x08016f28        0x0 d:/programs/gnu tools arm embedded/5. 4 2016q2/bin/../lib/gcc/arm-none-eabi/5.4.1/armv7e-m/fpu/crtbegin.o

.ARM.extab
 *(.ARM.extab* .gnu.linkonce.armextab.*)
                0x08016f28                __exidx_start = .

.ARM.exidx
 *(.ARM.exidx* .gnu.linkonce.armexidx.*)
                0x08016f28                __exidx_end = .
                0x08016f28                __etext = .
                0x08016f28                _sidata = __etext

.data           0x20000000      0x440 load address 0x08016f28
                0x20000000                __data_start__ = .
                0x20000000                _sdata = __data_start__
 *(vtable)
 *(.data*)
 .data          0x20000000        0x4 ..\obj\system_stm32f4xx.o
                0x20000000                SystemCoreClock
 .data          0x20000004        0x4 ..\obj\port.o
 .data.impure_data
                0x20000008      0x428 d:/programs/gnu tools arm embedded/5. 4 2016q2/bin/../lib/gcc/arm-none-eabi/5.4.1/../../../../arm-none-eabi/lib/armv7e-m/fpu\libg.a(lib_a-impure.o)
                0x20000430                . = ALIGN (0x4)
                0x20000430                PROVIDE (__preinit_array_start, .)
 *(.preinit_array)
                0x20000430                PROVIDE (__preinit_array_end, .)
                0x20000430                . = ALIGN (0x4)
                0x20000430                PROVIDE (__init_array_start, .)
 *(SORT(.init_array.*))
 .init_array.00000
                0x20000430        0x4 d:/programs/gnu tools arm embedded/5. 4 2016q2/bin/../lib/gcc/arm-none-eabi/5.4.1/../../../../arm-none-eabi/lib/armv7e-m/fpu\libg.a(lib_a-__call_atexit.o)
 *(.init_array)
 .init_array    0x20000434        0x4 d:/programs/gnu tools arm embedded/5. 4 2016q2/bin/../lib/gcc/arm-none-eabi/5.4.1/armv7e-m/fpu/crtbegin.o
                0x20000438                PROVIDE (__init_array_end, .)
                0x20000438                . = ALIGN (0x4)
                0x20000438                PROVIDE (__fini_array_start, .)
 *(SORT(.fini_array.*))
 *(.fini_array)
 .fini_array    0x20000438        0x4 d:/programs/gnu tools arm embedded/5. 4 2016q2/bin/../lib/gcc/arm-none-eabi/5.4.1/armv7e-m/fpu/crtbegin.o
                0x2000043c                PROVIDE (__fini_array_end, .)
 *(.jcr*)
 .jcr           0x2000043c        0x0 d:/programs/gnu tools arm embedded/5. 4 2016q2/bin/../lib/gcc/arm-none-eabi/5.4.1/armv7e-m/fpu/crtbegin.o
 .jcr           0x2000043c        0x4 d:/programs/gnu tools arm embedded/5. 4 2016q2/bin/../lib/gcc/arm-none-eabi/5.4.1/armv7e-m/fpu/crtend.o
                0x20000440                . = ALIGN (0x4)
                0x20000440                __data_end__ = .
                0x20000440                _edata = __data_end__

.igot.plt       0x20000440        0x0 load address 0x08017368
 .igot.plt      0x20000440        0x0 d:/programs/gnu tools arm embedded/5. 4 2016q2/bin/../lib/gcc/arm-none-eabi/5.4.1/armv7e-m/fpu/crtbegin.o

.bss            0x20000440     0x4008 load address 0x08017368
                0x20000440                . = ALIGN (0x4)
                0x20000440                __bss_start__ = .
                0x20000440                _sbss = __bss_start__
 *(.bss*)
 .bss           0x20000440       0x1c d:/programs/gnu tools arm embedded/5. 4 2016q2/bin/../lib/gcc/arm-none-eabi/5.4.1/armv7e-m/fpu/crtbegin.o
 .bss           0x2000045c      0x12c ..\obj\tasks.o
                0x2000045c                pxCurrentTCB
 .bss           0x20000588        0x8 ..\obj\port.o
 .bss           0x20000590     0x3c18 ..\obj\heap_4.o
 *(COMMON)
 COMMON         0x200041a8       0x40 ..\obj\queue.o
                0x200041a8                xQueueRegistry
 COMMON         0x200041e8      0x220 ..\obj\main.o
                0x200041e8                defaultTaskHandle
                0x200041ec                hspi2
                0x20004244                hi2c1
                0x20004298                hi2c2
                0x200042ec                hadc3
                0x20004334                htim1
                0x20004370                huart6
                0x200043b0                hspi1
 COMMON         0x20004408        0x4 ..\obj\stm32f4xx_hal.o
                0x20004408                uwTick
 COMMON         0x2000440c       0x3c ..\obj\stm32f4xx_hal_timebase_TIM.o
                0x2000440c                htim8
                0x20004448                . = ALIGN (0x4)
                0x20004448                __bss_end__ = .
                0x20004448                _ebss = __bss_end__

.heap           0x20004448        0x0
                0x20004448                __end__ = .
                0x20004448                _end = __end__
                0x20004448                end = __end__
 *(.heap*)
                0x20004448                __HeapLimit = .

.co_stack       0x20004448      0x800 load address 0x0801b370
                0x20004448                . = ALIGN (0x8)
 *(.co_stack .co_stack.*)
 .co_stack      0x20004448      0x800 ..\obj\startup_stm32f4xx.o
                0x20004448                pulStack
                0x20020000                __StackTop = (ORIGIN (ram) + LENGTH (ram))
                0x2001f800                __StackLimit = (__StackTop - SIZEOF (.co_stack))
                0x20020000                PROVIDE (__stack, __StackTop)
                0x00000001                ASSERT ((__StackLimit >= __HeapLimit), region ram  overflowed with stack)
LOAD ..\obj\stm32f4xx_hal_i2c.o
LOAD ..\obj\stm32f4xx_hal_gpio.o
LOAD ..\obj\list.o
LOAD ..\obj\stm32f4xx_hal_pwr.o
LOAD ..\obj\queue.o
LOAD ..\obj\stm32f4xx_hal_cortex.o
LOAD ..\obj\startup_stm32f4xx.o
LOAD ..\obj\stm32f4xx_hal_spi.o
LOAD ..\obj\stm32f4xx_hal_uart.o
LOAD ..\obj\freertos.o
LOAD ..\obj\stm32f4xx_hal_adc_ex.o
LOAD ..\obj\stm32f4xx_hal_rcc.o
LOAD ..\obj\stm32f4xx_hal_dma_ex.o
LOAD ..\obj\stm32f4xx_hal_flash.o
LOAD ..\obj\stm32f4xx_hal_tim_ex.o
LOAD ..\obj\stm32f4xx_hal_i2c_ex.o
LOAD ..\obj\event_groups.o
LOAD ..\obj\stm32f4xx_hal_pwr_ex.o
LOAD ..\obj\system_stm32f4xx.o
LOAD ..\obj\stm32f4xx_hal_dma.o
LOAD ..\obj\stm32f4xx_it.o
LOAD ..\obj\timers.o
LOAD ..\obj\stm32f4xx_hal_msp.o
LOAD ..\obj\main.o
LOAD ..\obj\stm32f4xx_hal_flash_ex.o
LOAD ..\obj\stm32f4xx_hal.o
LOAD ..\obj\tasks.o
LOAD ..\obj\port.o
LOAD ..\obj\heap_4.o
LOAD ..\obj\stm32f4xx_hal_rcc_ex.o
LOAD ..\obj\croutine.o
LOAD ..\obj\stm32f4xx_hal_flash_ramfunc.o
LOAD ..\obj\stm32f4xx_hal_adc.o
LOAD ..\obj\cmsis_os.o
LOAD ..\obj\stm32f4xx_hal_timebase_TIM.o
LOAD ..\obj\stm32f4xx_hal_tim.o
START GROUP
LOAD d:/programs/gnu tools arm embedded/5. 4 2016q2/bin/../lib/gcc/arm-none-eabi/5.4.1/armv7e-m/fpu\libgcc.a
LOAD d:/programs/gnu tools arm embedded/5. 4 2016q2/bin/../lib/gcc/arm-none-eabi/5.4.1/../../../../arm-none-eabi/lib/armv7e-m/fpu\libg.a
LOAD d:/programs/gnu tools arm embedded/5. 4 2016q2/bin/../lib/gcc/arm-none-eabi/5.4.1/../../../../arm-none-eabi/lib/armv7e-m/fpu\libc.a
END GROUP
LOAD d:/programs/gnu tools arm embedded/5. 4 2016q2/bin/../lib/gcc/arm-none-eabi/5.4.1/armv7e-m/fpu/crtend.o
LOAD d:/programs/gnu tools arm embedded/5. 4 2016q2/bin/../lib/gcc/arm-none-eabi/5.4.1/armv7e-m/fpu/crtn.o
OUTPUT(IBTMRP - MB - Version 2.elf elf32-littlearm)

.ARM.attributes
                0x00000000       0x30
 .ARM.attributes
                0x00000000       0x22 d:/programs/gnu tools arm embedded/5. 4 2016q2/bin/../lib/gcc/arm-none-eabi/5.4.1/armv7e-m/fpu/crti.o
 .ARM.attributes
                0x00000022       0x34 d:/programs/gnu tools arm embedded/5. 4 2016q2/bin/../lib/gcc/arm-none-eabi/5.4.1/armv7e-m/fpu/crtbegin.o
 .ARM.attributes
                0x00000056       0x39 ..\obj\stm32f4xx_hal_i2c.o
 .ARM.attributes
                0x0000008f       0x39 ..\obj\stm32f4xx_hal_gpio.o
 .ARM.attributes
                0x000000c8       0x39 ..\obj\list.o
 .ARM.attributes
                0x00000101       0x39 ..\obj\queue.o
 .ARM.attributes
                0x0000013a       0x39 ..\obj\stm32f4xx_hal_cortex.o
 .ARM.attributes
                0x00000173       0x39 ..\obj\startup_stm32f4xx.o
 .ARM.attributes
                0x000001ac       0x39 ..\obj\stm32f4xx_hal_spi.o
 .ARM.attributes
                0x000001e5       0x39 ..\obj\stm32f4xx_hal_uart.o
 .ARM.attributes
                0x0000021e       0x39 ..\obj\stm32f4xx_hal_adc_ex.o
 .ARM.attributes
                0x00000257       0x39 ..\obj\stm32f4xx_hal_rcc.o
 .ARM.attributes
                0x00000290       0x39 ..\obj\stm32f4xx_hal_tim_ex.o
 .ARM.attributes
                0x000002c9       0x39 ..\obj\system_stm32f4xx.o
 .ARM.attributes
                0x00000302       0x39 ..\obj\stm32f4xx_hal_dma.o
 .ARM.attributes
                0x0000033b       0x39 ..\obj\stm32f4xx_it.o
 .ARM.attributes
                0x00000374       0x39 ..\obj\stm32f4xx_hal_msp.o
 .ARM.attributes
                0x000003ad       0x39 ..\obj\main.o
 .ARM.attributes
                0x000003e6       0x39 ..\obj\stm32f4xx_hal.o
 .ARM.attributes
                0x0000041f       0x39 ..\obj\tasks.o
 .ARM.attributes
                0x00000458       0x39 ..\obj\port.o
 .ARM.attributes
                0x00000491       0x39 ..\obj\heap_4.o
 .ARM.attributes
                0x000004ca       0x39 ..\obj\stm32f4xx_hal_adc.o
 .ARM.attributes
                0x00000503       0x39 ..\obj\cmsis_os.o
 .ARM.attributes
                0x0000053c       0x39 ..\obj\stm32f4xx_hal_timebase_TIM.o
 .ARM.attributes
                0x00000575       0x39 ..\obj\stm32f4xx_hal_tim.o
 .ARM.attributes
                0x000005ae       0x34 d:/programs/gnu tools arm embedded/5. 4 2016q2/bin/../lib/gcc/arm-none-eabi/5.4.1/../../../../arm-none-eabi/lib/armv7e-m/fpu\libg.a(lib_a-impure.o)
 .ARM.attributes
                0x000005e2       0x20 d:/programs/gnu tools arm embedded/5. 4 2016q2/bin/../lib/gcc/arm-none-eabi/5.4.1/../../../../arm-none-eabi/lib/armv7e-m/fpu\libg.a(lib_a-memcpy.o)
 .ARM.attributes
                0x00000602       0x34 d:/programs/gnu tools arm embedded/5. 4 2016q2/bin/../lib/gcc/arm-none-eabi/5.4.1/../../../../arm-none-eabi/lib/armv7e-m/fpu\libg.a(lib_a-memset.o)
 .ARM.attributes
                0x00000636       0x34 d:/programs/gnu tools arm embedded/5. 4 2016q2/bin/../lib/gcc/arm-none-eabi/5.4.1/../../../../arm-none-eabi/lib/armv7e-m/fpu\libg.a(lib_a-__call_atexit.o)
 .ARM.attributes
                0x0000066a       0x34 d:/programs/gnu tools arm embedded/5. 4 2016q2/bin/../lib/gcc/arm-none-eabi/5.4.1/../../../../arm-none-eabi/lib/armv7e-m/fpu\libg.a(lib_a-atexit.o)
 .ARM.attributes
                0x0000069e       0x34 d:/programs/gnu tools arm embedded/5. 4 2016q2/bin/../lib/gcc/arm-none-eabi/5.4.1/../../../../arm-none-eabi/lib/armv7e-m/fpu\libg.a(lib_a-fini.o)
 .ARM.attributes
                0x000006d2       0x34 d:/programs/gnu tools arm embedded/5. 4 2016q2/bin/../lib/gcc/arm-none-eabi/5.4.1/../../../../arm-none-eabi/lib/armv7e-m/fpu\libg.a(lib_a-__atexit.o)
 .ARM.attributes
                0x00000706       0x34 d:/programs/gnu tools arm embedded/5. 4 2016q2/bin/../lib/gcc/arm-none-eabi/5.4.1/armv7e-m/fpu/crtend.o
 .ARM.attributes
                0x0000073a       0x22 d:/programs/gnu tools arm embedded/5. 4 2016q2/bin/../lib/gcc/arm-none-eabi/5.4.1/armv7e-m/fpu/crtn.o

.comment        0x00000000       0x6e
 .comment       0x00000000       0x6e ..\obj\stm32f4xx_hal_i2c.o
                                 0x6f (size before relaxing)
 .comment       0x0000006e       0x6f ..\obj\stm32f4xx_hal_gpio.o
 .comment       0x0000006e       0x6f ..\obj\list.o
 .comment       0x0000006e       0x6f ..\obj\queue.o
 .comment       0x0000006e       0x6f ..\obj\stm32f4xx_hal_cortex.o
 .comment       0x0000006e       0x6f ..\obj\startup_stm32f4xx.o
 .comment       0x0000006e       0x6f ..\obj\stm32f4xx_hal_spi.o
 .comment       0x0000006e       0x6f ..\obj\stm32f4xx_hal_uart.o
 .comment       0x0000006e       0x6f ..\obj\stm32f4xx_hal_adc_ex.o
 .comment       0x0000006e       0x6f ..\obj\stm32f4xx_hal_rcc.o
 .comment       0x0000006e       0x6f ..\obj\stm32f4xx_hal_tim_ex.o
 .comment       0x0000006e       0x6f ..\obj\system_stm32f4xx.o
 .comment       0x0000006e       0x6f ..\obj\stm32f4xx_hal_dma.o
 .comment       0x0000006e       0x6f ..\obj\stm32f4xx_it.o
 .comment       0x0000006e       0x6f ..\obj\stm32f4xx_hal_msp.o
 .comment       0x0000006e       0x6f ..\obj\main.o
 .comment       0x0000006e       0x6f ..\obj\stm32f4xx_hal.o
 .comment       0x0000006e       0x6f ..\obj\tasks.o
 .comment       0x0000006e       0x6f ..\obj\port.o
 .comment       0x0000006e       0x6f ..\obj\heap_4.o
 .comment       0x0000006e       0x6f ..\obj\stm32f4xx_hal_adc.o
 .comment       0x0000006e       0x6f ..\obj\cmsis_os.o
 .comment       0x0000006e       0x6f ..\obj\stm32f4xx_hal_timebase_TIM.o
 .comment       0x0000006e       0x6f ..\obj\stm32f4xx_hal_tim.o

.debug_info     0x00000000    0x14ea4
 .debug_info    0x00000000     0x2152 ..\obj\stm32f4xx_hal_i2c.o
 .debug_info    0x00002152      0x71b ..\obj\stm32f4xx_hal_gpio.o
 .debug_info    0x0000286d      0x2cb ..\obj\list.o
 .debug_info    0x00002b38     0x125f ..\obj\queue.o
 .debug_info    0x00003d97      0xd0a ..\obj\stm32f4xx_hal_cortex.o
 .debug_info    0x00004aa1       0xf2 ..\obj\startup_stm32f4xx.o
 .debug_info    0x00004b93     0x1279 ..\obj\stm32f4xx_hal_spi.o
 .debug_info    0x00005e0c      0xf19 ..\obj\stm32f4xx_hal_uart.o
 .debug_info    0x00006d25      0xa65 ..\obj\stm32f4xx_hal_adc_ex.o
 .debug_info    0x0000778a      0xb34 ..\obj\stm32f4xx_hal_rcc.o
 .debug_info    0x000082be      0xf54 ..\obj\stm32f4xx_hal_tim_ex.o
 .debug_info    0x00009212      0x4bf ..\obj\system_stm32f4xx.o
 .debug_info    0x000096d1      0x8f3 ..\obj\stm32f4xx_hal_dma.o
 .debug_info    0x00009fc4      0x60b ..\obj\stm32f4xx_it.o
 .debug_info    0x0000a5cf     0x15ed ..\obj\stm32f4xx_hal_msp.o
 .debug_info    0x0000bbbc     0x1a9c ..\obj\main.o
 .debug_info    0x0000d658      0x83e ..\obj\stm32f4xx_hal.o
 .debug_info    0x0000de96     0x1c85 ..\obj\tasks.o
 .debug_info    0x0000fb1b      0x52d ..\obj\port.o
 .debug_info    0x00010048      0x3f5 ..\obj\heap_4.o
 .debug_info    0x0001043d      0xc59 ..\obj\stm32f4xx_hal_adc.o
 .debug_info    0x00011096     0x1210 ..\obj\cmsis_os.o
 .debug_info    0x000122a6      0xa70 ..\obj\stm32f4xx_hal_timebase_TIM.o
 .debug_info    0x00012d16     0x218e ..\obj\stm32f4xx_hal_tim.o

.debug_abbrev   0x00000000     0x2e87
 .debug_abbrev  0x00000000      0x1fd ..\obj\stm32f4xx_hal_i2c.o
 .debug_abbrev  0x000001fd      0x1ac ..\obj\stm32f4xx_hal_gpio.o
 .debug_abbrev  0x000003a9       0xd6 ..\obj\list.o
 .debug_abbrev  0x0000047f      0x233 ..\obj\queue.o
 .debug_abbrev  0x000006b2      0x2c9 ..\obj\stm32f4xx_hal_cortex.o
 .debug_abbrev  0x0000097b       0xb0 ..\obj\startup_stm32f4xx.o
 .debug_abbrev  0x00000a2b      0x1ff ..\obj\stm32f4xx_hal_spi.o
 .debug_abbrev  0x00000c2a      0x224 ..\obj\stm32f4xx_hal_uart.o
 .debug_abbrev  0x00000e4e      0x1e4 ..\obj\stm32f4xx_hal_adc_ex.o
 .debug_abbrev  0x00001032      0x2b0 ..\obj\stm32f4xx_hal_rcc.o
 .debug_abbrev  0x000012e2      0x1ff ..\obj\stm32f4xx_hal_tim_ex.o
 .debug_abbrev  0x000014e1       0xff ..\obj\system_stm32f4xx.o
 .debug_abbrev  0x000015e0      0x226 ..\obj\stm32f4xx_hal_dma.o
 .debug_abbrev  0x00001806      0x14c ..\obj\stm32f4xx_it.o
 .debug_abbrev  0x00001952      0x1d9 ..\obj\stm32f4xx_hal_msp.o
 .debug_abbrev  0x00001b2b      0x26a ..\obj\main.o
 .debug_abbrev  0x00001d95      0x20c ..\obj\stm32f4xx_hal.o
 .debug_abbrev  0x00001fa1      0x2c9 ..\obj\tasks.o
 .debug_abbrev  0x0000226a      0x1db ..\obj\port.o
 .debug_abbrev  0x00002445      0x1cf ..\obj\heap_4.o
 .debug_abbrev  0x00002614      0x224 ..\obj\stm32f4xx_hal_adc.o
 .debug_abbrev  0x00002838      0x2c7 ..\obj\cmsis_os.o
 .debug_abbrev  0x00002aff      0x180 ..\obj\stm32f4xx_hal_timebase_TIM.o
 .debug_abbrev  0x00002c7f      0x208 ..\obj\stm32f4xx_hal_tim.o

.debug_aranges  0x00000000      0x300
 .debug_aranges
                0x00000000       0x20 ..\obj\stm32f4xx_hal_i2c.o
 .debug_aranges
                0x00000020       0x20 ..\obj\stm32f4xx_hal_gpio.o
 .debug_aranges
                0x00000040       0x20 ..\obj\list.o
 .debug_aranges
                0x00000060       0x20 ..\obj\queue.o
 .debug_aranges
                0x00000080       0x20 ..\obj\stm32f4xx_hal_cortex.o
 .debug_aranges
                0x000000a0       0x20 ..\obj\startup_stm32f4xx.o
 .debug_aranges
                0x000000c0       0x20 ..\obj\stm32f4xx_hal_spi.o
 .debug_aranges
                0x000000e0       0x20 ..\obj\stm32f4xx_hal_uart.o
 .debug_aranges
                0x00000100       0x20 ..\obj\stm32f4xx_hal_adc_ex.o
 .debug_aranges
                0x00000120       0x20 ..\obj\stm32f4xx_hal_rcc.o
 .debug_aranges
                0x00000140       0x20 ..\obj\stm32f4xx_hal_tim_ex.o
 .debug_aranges
                0x00000160       0x20 ..\obj\system_stm32f4xx.o
 .debug_aranges
                0x00000180       0x20 ..\obj\stm32f4xx_hal_dma.o
 .debug_aranges
                0x000001a0       0x20 ..\obj\stm32f4xx_it.o
 .debug_aranges
                0x000001c0       0x20 ..\obj\stm32f4xx_hal_msp.o
 .debug_aranges
                0x000001e0       0x20 ..\obj\main.o
 .debug_aranges
                0x00000200       0x20 ..\obj\stm32f4xx_hal.o
 .debug_aranges
                0x00000220       0x20 ..\obj\tasks.o
 .debug_aranges
                0x00000240       0x20 ..\obj\port.o
 .debug_aranges
                0x00000260       0x20 ..\obj\heap_4.o
 .debug_aranges
                0x00000280       0x20 ..\obj\stm32f4xx_hal_adc.o
 .debug_aranges
                0x000002a0       0x20 ..\obj\cmsis_os.o
 .debug_aranges
                0x000002c0       0x20 ..\obj\stm32f4xx_hal_timebase_TIM.o
 .debug_aranges
                0x000002e0       0x20 ..\obj\stm32f4xx_hal_tim.o

.debug_line     0x00000000     0xa41e
 .debug_line    0x00000000     0x133e ..\obj\stm32f4xx_hal_i2c.o
 .debug_line    0x0000133e      0x523 ..\obj\stm32f4xx_hal_gpio.o
 .debug_line    0x00001861      0x386 ..\obj\list.o
 .debug_line    0x00001be7      0x939 ..\obj\queue.o
 .debug_line    0x00002520      0x4cf ..\obj\stm32f4xx_hal_cortex.o
 .debug_line    0x000029ef       0xe9 ..\obj\startup_stm32f4xx.o
 .debug_line    0x00002ad8      0x9e1 ..\obj\stm32f4xx_hal_spi.o
 .debug_line    0x000034b9      0x910 ..\obj\stm32f4xx_hal_uart.o
 .debug_line    0x00003dc9      0x625 ..\obj\stm32f4xx_hal_adc_ex.o
 .debug_line    0x000043ee      0x63c ..\obj\stm32f4xx_hal_rcc.o
 .debug_line    0x00004a2a      0x7bc ..\obj\stm32f4xx_hal_tim_ex.o
 .debug_line    0x000051e6      0x30a ..\obj\system_stm32f4xx.o
 .debug_line    0x000054f0      0x5d3 ..\obj\stm32f4xx_hal_dma.o
 .debug_line    0x00005ac3      0x3c1 ..\obj\stm32f4xx_it.o
 .debug_line    0x00005e84      0x494 ..\obj\stm32f4xx_hal_msp.o
 .debug_line    0x00006318      0x6a4 ..\obj\main.o
 .debug_line    0x000069bc      0x436 ..\obj\stm32f4xx_hal.o
 .debug_line    0x00006df2      0xc40 ..\obj\tasks.o
 .debug_line    0x00007a32      0x49e ..\obj\port.o
 .debug_line    0x00007ed0      0x40b ..\obj\heap_4.o
 .debug_line    0x000082db      0x6b4 ..\obj\stm32f4xx_hal_adc.o
 .debug_line    0x0000898f      0x6bd ..\obj\cmsis_os.o
 .debug_line    0x0000904c      0x3da ..\obj\stm32f4xx_hal_timebase_TIM.o
 .debug_line    0x00009426      0xff8 ..\obj\stm32f4xx_hal_tim.o

.debug_str      0x00000000     0x736d
 .debug_str     0x00000000      0xed9 ..\obj\stm32f4xx_hal_i2c.o
                                0xfc3 (size before relaxing)
 .debug_str     0x00000ed9      0x32e ..\obj\stm32f4xx_hal_gpio.o
                                0x5bc (size before relaxing)
 .debug_str     0x00001207      0x1c0 ..\obj\list.o
                                0x328 (size before relaxing)
 .debug_str     0x000013c7      0x5ae ..\obj\queue.o
                                0x811 (size before relaxing)
 .debug_str     0x00001975      0x92f ..\obj\stm32f4xx_hal_cortex.o
                                0xc93 (size before relaxing)
 .debug_str     0x000022a4      0x104 ..\obj\startup_stm32f4xx.o
                                0x1ab (size before relaxing)
 .debug_str     0x000023a8      0x667 ..\obj\stm32f4xx_hal_spi.o
                                0xb82 (size before relaxing)
 .debug_str     0x00002a0f      0x599 ..\obj\stm32f4xx_hal_uart.o
                                0xb05 (size before relaxing)
 .debug_str     0x00002fa8      0x4f2 ..\obj\stm32f4xx_hal_adc_ex.o
                                0x9fd (size before relaxing)
 .debug_str     0x0000349a      0x378 ..\obj\stm32f4xx_hal_rcc.o
                                0x770 (size before relaxing)
 .debug_str     0x00003812      0x813 ..\obj\stm32f4xx_hal_tim_ex.o
                                0xccd (size before relaxing)
 .debug_str     0x00004025       0xe5 ..\obj\system_stm32f4xx.o
                                0x3c2 (size before relaxing)
 .debug_str     0x0000410a      0x37f ..\obj\stm32f4xx_hal_dma.o
                                0x846 (size before relaxing)
 .debug_str     0x00004489      0x123 ..\obj\stm32f4xx_it.o
                                0x727 (size before relaxing)
 .debug_str     0x000045ac      0x10c ..\obj\stm32f4xx_hal_msp.o
                               0x14e3 (size before relaxing)
 .debug_str     0x000046b8      0x315 ..\obj\main.o
                               0x1950 (size before relaxing)
 .debug_str     0x000049cd      0x269 ..\obj\stm32f4xx_hal.o
                                0xafa (size before relaxing)
 .debug_str     0x00004c36      0xbcf ..\obj\tasks.o
                                0xf4e (size before relaxing)
 .debug_str     0x00005805      0x266 ..\obj\port.o
                                0x47a (size before relaxing)
 .debug_str     0x00005a6b      0x252 ..\obj\heap_4.o
                                0x3f2 (size before relaxing)
 .debug_str     0x00005cbd      0x2c6 ..\obj\stm32f4xx_hal_adc.o
                                0x9d7 (size before relaxing)
 .debug_str     0x00005f83      0x6f4 ..\obj\cmsis_os.o
                                0xad0 (size before relaxing)
 .debug_str     0x00006677       0xd4 ..\obj\stm32f4xx_hal_timebase_TIM.o
                                0xd84 (size before relaxing)
 .debug_str     0x0000674b      0xc22 ..\obj\stm32f4xx_hal_tim.o
                               0x141a (size before relaxing)

.debug_frame    0x00000000     0x5e04
 .debug_frame   0x00000000      0xb38 ..\obj\stm32f4xx_hal_i2c.o
 .debug_frame   0x00000b38      0x14c ..\obj\stm32f4xx_hal_gpio.o
 .debug_frame   0x00000c84       0xd8 ..\obj\list.o
 .debug_frame   0x00000d5c      0x428 ..\obj\queue.o
 .debug_frame   0x00001184      0x450 ..\obj\stm32f4xx_hal_cortex.o
 .debug_frame   0x000015d4       0x4c ..\obj\startup_stm32f4xx.o
 .debug_frame   0x00001620      0x6f4 ..\obj\stm32f4xx_hal_spi.o
 .debug_frame   0x00001d14      0x65c ..\obj\stm32f4xx_hal_uart.o
 .debug_frame   0x00002370      0x254 ..\obj\stm32f4xx_hal_adc_ex.o
 .debug_frame   0x000025c4      0x200 ..\obj\stm32f4xx_hal_rcc.o
 .debug_frame   0x000027c4      0x574 ..\obj\stm32f4xx_hal_tim_ex.o
 .debug_frame   0x00002d38       0x58 ..\obj\system_stm32f4xx.o
 .debug_frame   0x00002d90      0x250 ..\obj\stm32f4xx_hal_dma.o
 .debug_frame   0x00002fe0       0xe8 ..\obj\stm32f4xx_it.o
 .debug_frame   0x000030c8      0x1c0 ..\obj\stm32f4xx_hal_msp.o
 .debug_frame   0x00003288      0x1d0 ..\obj\main.o
 .debug_frame   0x00003458      0x2c0 ..\obj\stm32f4xx_hal.o
 .debug_frame   0x00003718      0x7c4 ..\obj\tasks.o
 .debug_frame   0x00003edc      0x19c ..\obj\port.o
 .debug_frame   0x00004078      0x108 ..\obj\heap_4.o
 .debug_frame   0x00004180      0x400 ..\obj\stm32f4xx_hal_adc.o
 .debug_frame   0x00004580      0x750 ..\obj\cmsis_os.o
 .debug_frame   0x00004cd0       0x74 ..\obj\stm32f4xx_hal_timebase_TIM.o
 .debug_frame   0x00004d44      0xfb4 ..\obj\stm32f4xx_hal_tim.o
 .debug_frame   0x00005cf8       0x34 d:/programs/gnu tools arm embedded/5. 4 2016q2/bin/../lib/gcc/arm-none-eabi/5.4.1/../../../../arm-none-eabi/lib/armv7e-m/fpu\libg.a(lib_a-memset.o)
 .debug_frame   0x00005d2c       0x50 d:/programs/gnu tools arm embedded/5. 4 2016q2/bin/../lib/gcc/arm-none-eabi/5.4.1/../../../../arm-none-eabi/lib/armv7e-m/fpu\libg.a(lib_a-__call_atexit.o)
 .debug_frame   0x00005d7c       0x20 d:/programs/gnu tools arm embedded/5. 4 2016q2/bin/../lib/gcc/arm-none-eabi/5.4.1/../../../../arm-none-eabi/lib/armv7e-m/fpu\libg.a(lib_a-atexit.o)
 .debug_frame   0x00005d9c       0x34 d:/programs/gnu tools arm embedded/5. 4 2016q2/bin/../lib/gcc/arm-none-eabi/5.4.1/../../../../arm-none-eabi/lib/armv7e-m/fpu\libg.a(lib_a-fini.o)
 .debug_frame   0x00005dd0       0x34 d:/programs/gnu tools arm embedded/5. 4 2016q2/bin/../lib/gcc/arm-none-eabi/5.4.1/../../../../arm-none-eabi/lib/armv7e-m/fpu\libg.a(lib_a-__atexit.o)
